../Core/Src/EPD.c:5:6:GPIO_SetBits	16	static
../Core/Src/EPD.c:9:6:GPIO_ResetBits	16	static
../Core/Src/EPD.c:14:6:EPD_GPIOInit	24	static
../Core/Src/EPD.c:32:6:EPD_WR_Bus	24	static
../Core/Src/EPD.c:54:6:EPD_WR_REG	16	static
../Core/Src/EPD.c:62:6:EPD_WR_DATA8	16	static
../Core/Src/EPD.c:69:6:Epaper_READBUSY	8	static
../Core/Src/EPD.c:80:6:EPD_Update	8	static
../Core/Src/EPD.c:92:6:EPD_GUIInit	8	static
../Core/Src/EPD.c:141:6:Paint_NewImage	24	static
../Core/Src/EPD.c:164:6:Paint_SetPixel	32	static
../Core/Src/EPD.c:202:6:EPD_Clear	24	static
../Core/Src/EPD.c:217:6:EPD_DrawPoint	16	static
../Core/Src/EPD.c:223:6:EPD_Display	40	static
../Core/Src/EPD.c:242:6:EPD_DrawLine	56	static
../Core/Src/EPD.c:282:6:EPD_DrawRectangle	40	static
../Core/Src/EPD.c:302:6:EPD_DrawCircle	32	static
../Core/Src/EPD.c:359:6:EPD_ShowChar	40	static
../Core/Src/EPD.c:413:6:EPD_ShowString	40	static
../Core/Src/EPD.c:425:10:EPD_Pow	24	static
../Core/Src/EPD.c:441:6:EPD_ShowNum	48	static
../Core/Src/EPD.c:464:6:EPD_ShowChinese	40	static
../Core/Src/EPD.c:514:6:EPD_ShowPicture	40	static
