../Core/Src/main.c:73:5:main	8	static
../Core/Src/main.c:122:6:SystemClock_Config	72	static
../Core/Src/main.c:159:13:MX_TIM2_Init	64	static
../Core/Src/main.c:218:13:MX_TIM3_Init	32	static
../Core/Src/main.c:263:13:MX_GPIO_Init	16	static
../Core/Src/main.c:276:6:HAL_TIM_PeriodElapsedCallback	16	static
../Core/Src/main.c:296:13:set_tim2	72	static
../Core/Src/main.c:336:6:delay_ms	16	static
../Core/Src/main.c:342:6:sing	24	static
../Core/Src/main.c:373:5:EPD_demo	24	static
../Core/Src/main.c:437:6:Error_Handler	4	static,ignoring_inline_asm
