18:07:57 **** Incremental Build of configuration Debug for project BeepSinger ****
make -j8 all 
arm-none-eabi-gcc "../Core/Src/main.c" -mcpu=cortex-m3 -std=gnu11 -g3 -DDEBUG -DUSE_HAL_DRIVER -DSTM32F103xB -c -I../Core/Inc -I../Drivers/STM32F1xx_HAL_Driver/Inc -I../Drivers/STM32F1xx_HAL_Driver/Inc/Legacy -I../Drivers/CMSIS/Device/ST/STM32F1xx/Include -I../Drivers/CMSIS/Include -O0 -ffunction-sections -fdata-sections -Wall -fstack-usage -fcyclomatic-complexity -MMD -MP -MF"Core/Src/main.d" -MT"Core/Src/main.o" --specs=nano.specs -mfloat-abi=soft -mthumb -o "Core/Src/main.o"
../Core/Src/main.c: In function 'main':
../Core/Src/main.c:95:14: warning: passing argument 1 of 'sing' from incompatible pointer type [-Wincompatible-pointer-types]
   95 |         sing(&song1);
      |              ^~~~~~
      |              |
      |              const int (*)[166]
../Core/Src/main.c:55:11: note: expected 'int *' but argument is of type 'const int (*)[166]'
   55 | void sing(int*);
      |           ^~~~
arm-none-eabi-gcc -o "BeepSinger.elf" @"objects.list"   -mcpu=cortex-m3 -T"D:\PiYuanZhouLv\sl\BeepSinger\BeepSinger\STM32F103C8TX_FLASH.ld" --specs=nosys.specs -Wl,-Map="BeepSinger.map" -Wl,--gc-sections -static --specs=nano.specs -mfloat-abi=soft -mthumb -Wl,--start-group -lc -lm -Wl,--end-group
Finished building target: BeepSinger.elf
 
arm-none-eabi-size  BeepSinger.elf 
arm-none-eabi-objdump -h -S BeepSinger.elf  > "BeepSinger.list"
   text	   data	    bss	    dec	    hex	filename
   9288	     12	   1652	  10952	   2ac8	BeepSinger.elf
Finished building: default.size.stdout
 
Finished building: BeepSinger.list
 

18:07:59 Build Finished. 0 errors, 1 warnings. (took 2s.184ms)

