17:36:59 **** Incremental Build of configuration Debug for project BeepSinger ****
make -j8 all 
arm-none-eabi-gcc "../Core/Src/EPD.c" -mcpu=cortex-m3 -std=gnu11 -g3 -DDEBUG -DUSE_HAL_DRIVER -DSTM32F103xB -c -I../Core/Inc -I../Drivers/STM32F1xx_HAL_Driver/Inc -I../Drivers/STM32F1xx_HAL_Driver/Inc/Legacy -I../Drivers/CMSIS/Device/ST/STM32F1xx/Include -I../Drivers/CMSIS/Include -O0 -ffunction-sections -fdata-sections -Wall -fstack-usage -fcyclomatic-complexity -MMD -MP -MF"Core/Src/EPD.d" -MT"Core/Src/EPD.o" --specs=nano.specs -mfloat-abi=soft -mthumb -o "Core/Src/EPD.o"
arm-none-eabi-gcc "../Core/Src/main.c" -mcpu=cortex-m3 -std=gnu11 -g3 -DDEBUG -DUSE_HAL_DRIVER -DSTM32F103xB -c -I../Core/Inc -I../Drivers/STM32F1xx_HAL_Driver/Inc -I../Drivers/STM32F1xx_HAL_Driver/Inc/Legacy -I../Drivers/CMSIS/Device/ST/STM32F1xx/Include -I../Drivers/CMSIS/Include -O0 -ffunction-sections -fdata-sections -Wall -fstack-usage -fcyclomatic-complexity -MMD -MP -MF"Core/Src/main.d" -MT"Core/Src/main.o" --specs=nano.specs -mfloat-abi=soft -mthumb -o "Core/Src/main.o"
../Core/Src/EPD.c: In function 'EPD_GUIInit':
../Core/Src/EPD.c:94:3: warning: implicit declaration of function 'delay_ms' [-Wimplicit-function-declaration]
   94 |   delay_ms(20);  // At least 10ms delay
      |   ^~~~~~~~
../Core/Src/main.c: In function 'main':
../Core/Src/main.c:103:3: warning: implicit declaration of function 'EPD_demo' [-Wimplicit-function-declaration]
  103 |   EPD_demo();
      |   ^~~~~~~~
../Core/Src/main.c: In function 'EPD_demo':
../Core/Src/main.c:399:41: warning: pointer targets in passing argument 3 of 'EPD_ShowString' differ in signedness [-Wpointer-sign]
  399 |                 EPD_ShowString(108, 20, "2014/05/01", 16, BLACK);
      |                                         ^~~~~~~~~~~~
      |                                         |
      |                                         char *
In file included from ../Core/Src/main.c:25:
../Core/Src/EPD.h:76:54: note: expected 'uint8_t *' {aka 'unsigned char *'} but argument is of type 'char *'
   76 | void EPD_ShowString(uint16_t x, uint16_t y, uint8_t *chr, uint16_t size1, uint16_t color);                       // 显示字符�?
      |                                             ~~~~~~~~~^~~
../Core/Src/main.c:400:40: warning: pointer targets in passing argument 3 of 'EPD_ShowString' differ in signedness [-Wpointer-sign]
  400 |                 EPD_ShowString(80, 40, "ASCII:", 16, BLACK);
      |                                        ^~~~~~~~
      |                                        |
      |                                        char *
../Core/Src/EPD.h:76:54: note: expected 'uint8_t *' {aka 'unsigned char *'} but argument is of type 'char *'
   76 | void EPD_ShowString(uint16_t x, uint16_t y, uint8_t *chr, uint16_t size1, uint16_t color);                       // 显示字符�?
      |                                             ~~~~~~~~~^~~
../Core/Src/main.c:401:41: warning: pointer targets in passing argument 3 of 'EPD_ShowString' differ in signedness [-Wpointer-sign]
  401 |                 EPD_ShowString(157, 40, "CODE:", 16, BLACK);
      |                                         ^~~~~~~
      |                                         |
      |                                         char *
../Core/Src/EPD.h:76:54: note: expected 'uint8_t *' {aka 'unsigned char *'} but argument is of type 'char *'
   76 | void EPD_ShowString(uint16_t x, uint16_t y, uint8_t *chr, uint16_t size1, uint16_t color);                       // 显示字符�?
      |                                             ~~~~~~~~~^~~
../Core/Src/main.c:407:40: warning: pointer targets in passing argument 3 of 'EPD_ShowString' differ in signedness [-Wpointer-sign]
  407 |                 EPD_ShowString(33, 56, "Welcome to 2.90-inch E-paper", 16, BLACK);
      |                                        ^~~~~~~~~~~~~~~~~~~~~~~~~~~~~~
      |                                        |
      |                                        char *
../Core/Src/EPD.h:76:54: note: expected 'uint8_t *' {aka 'unsigned char *'} but argument is of type 'char *'
   76 | void EPD_ShowString(uint16_t x, uint16_t y, uint8_t *chr, uint16_t size1, uint16_t color);                       // 显示字符�?
      |                                             ~~~~~~~~~^~~
../Core/Src/main.c:408:40: warning: pointer targets in passing argument 3 of 'EPD_ShowString' differ in signedness [-Wpointer-sign]
  408 |                 EPD_ShowString(49, 73, "with 296 x 128 resolution", 16, BLACK);
      |                                        ^~~~~~~~~~~~~~~~~~~~~~~~~~~
      |                                        |
      |                                        char *
../Core/Src/EPD.h:76:54: note: expected 'uint8_t *' {aka 'unsigned char *'} but argument is of type 'char *'
   76 | void EPD_ShowString(uint16_t x, uint16_t y, uint8_t *chr, uint16_t size1, uint16_t color);                       // 显示字符�?
      |                                             ~~~~~~~~~^~~
../Core/Src/main.c:410:40: warning: pointer targets in passing argument 3 of 'EPD_ShowString' differ in signedness [-Wpointer-sign]
  410 |                 EPD_ShowString(53, 90, "Zhongjingyuan Electronic", 16, BLACK);
      |                                        ^~~~~~~~~~~~~~~~~~~~~~~~~~
      |                                        |
      |                                        char *
../Core/Src/EPD.h:76:54: note: expected 'uint8_t *' {aka 'unsigned char *'} but argument is of type 'char *'
   76 | void EPD_ShowString(uint16_t x, uint16_t y, uint8_t *chr, uint16_t size1, uint16_t color);                       // 显示字符�?
      |                                             ~~~~~~~~~^~~
../Core/Src/main.c:411:41: warning: pointer targets in passing argument 3 of 'EPD_ShowString' differ in signedness [-Wpointer-sign]
  411 |                 EPD_ShowString(75, 106, "Technology Co.,Ltd.", 16, BLACK);
      |                                         ^~~~~~~~~~~~~~~~~~~~~
      |                                         |
      |                                         char *
../Core/Src/EPD.h:76:54: note: expected 'uint8_t *' {aka 'unsigned char *'} but argument is of type 'char *'
   76 | void EPD_ShowString(uint16_t x, uint16_t y, uint8_t *chr, uint16_t size1, uint16_t color);                       // 显示字符�?
      |                                             ~~~~~~~~~^~~
arm-none-eabi-gcc -o "BeepSinger.elf" @"objects.list"   -mcpu=cortex-m3 -T"D:\PiYuanZhouLv\sl\BeepSinger\BeepSinger\STM32F103C8TX_FLASH.ld" --specs=nosys.specs -Wl,-Map="BeepSinger.map" -Wl,--gc-sections -static --specs=nano.specs -mfloat-abi=soft -mthumb -Wl,--start-group -lc -lm -Wl,--end-group
Finished building target: BeepSinger.elf
 
arm-none-eabi-size  BeepSinger.elf 
arm-none-eabi-objdump -h -S BeepSinger.elf  > "BeepSinger.list"
   text	   data	    bss	    dec	    hex	filename
  24784	     12	   6484	  31280	   7a30	BeepSinger.elf
Finished building: default.size.stdout
 
Finished building: BeepSinger.list
 
17:37:11 **** Incremental Build of configuration Debug for project BeepSinger ****
make -j8 all 
arm-none-eabi-size  BeepSinger.elf 
   text	   data	    bss	    dec	    hex	filename
  24784	     12	   6484	  31280	   7a30	BeepSinger.elf
Finished building: default.size.stdout
 
17:37:42 **** Incremental Build of configuration Debug for project BeepSinger ****
make -j8 all 
arm-none-eabi-size  BeepSinger.elf 
   text	   data	    bss	    dec	    hex	filename
  24784	     12	   6484	  31280	   7a30	BeepSinger.elf
Finished building: default.size.stdout
 
17:39:45 **** Incremental Build of configuration Debug for project BeepSinger ****
make -j8 all 
arm-none-eabi-gcc "../Core/Src/main.c" -mcpu=cortex-m3 -std=gnu11 -g3 -DDEBUG -DUSE_HAL_DRIVER -DSTM32F103xB -c -I../Core/Inc -I../Drivers/STM32F1xx_HAL_Driver/Inc -I../Drivers/STM32F1xx_HAL_Driver/Inc/Legacy -I../Drivers/CMSIS/Device/ST/STM32F1xx/Include -I../Drivers/CMSIS/Include -O0 -ffunction-sections -fdata-sections -Wall -fstack-usage -fcyclomatic-complexity -MMD -MP -MF"Core/Src/main.d" -MT"Core/Src/main.o" --specs=nano.specs -mfloat-abi=soft -mthumb -o "Core/Src/main.o"
../Core/Src/main.c: In function 'main':
../Core/Src/main.c:103:32: error: expected ';' before 'EPD_demo'
  103 |   HAL_TIM_Base_Start_IT(&htim3)
      |                                ^
      |                                ;
  104 |   EPD_demo();
      |   ~~~~~~~~                      
../Core/Src/main.c: In function 'EPD_demo':
../Core/Src/main.c:400:41: warning: pointer targets in passing argument 3 of 'EPD_ShowString' differ in signedness [-Wpointer-sign]
  400 |                 EPD_ShowString(108, 20, "2014/05/01", 16, BLACK);
      |                                         ^~~~~~~~~~~~
      |                                         |
      |                                         char *
In file included from ../Core/Src/main.c:25:
../Core/Src/EPD.h:76:54: note: expected 'uint8_t *' {aka 'unsigned char *'} but argument is of type 'char *'
   76 | void EPD_ShowString(uint16_t x, uint16_t y, uint8_t *chr, uint16_t size1, uint16_t color);                       // 显示字符�?
      |                                             ~~~~~~~~~^~~
../Core/Src/main.c:401:40: warning: pointer targets in passing argument 3 of 'EPD_ShowString' differ in signedness [-Wpointer-sign]
  401 |                 EPD_ShowString(80, 40, "ASCII:", 16, BLACK);
      |                                        ^~~~~~~~
      |                                        |
      |                                        char *
../Core/Src/EPD.h:76:54: note: expected 'uint8_t *' {aka 'unsigned char *'} but argument is of type 'char *'
   76 | void EPD_ShowString(uint16_t x, uint16_t y, uint8_t *chr, uint16_t size1, uint16_t color);                       // 显示字符�?
      |                                             ~~~~~~~~~^~~
../Core/Src/main.c:402:41: warning: pointer targets in passing argument 3 of 'EPD_ShowString' differ in signedness [-Wpointer-sign]
  402 |                 EPD_ShowString(157, 40, "CODE:", 16, BLACK);
      |                                         ^~~~~~~
      |                                         |
      |                                         char *
../Core/Src/EPD.h:76:54: note: expected 'uint8_t *' {aka 'unsigned char *'} but argument is of type 'char *'
   76 | void EPD_ShowString(uint16_t x, uint16_t y, uint8_t *chr, uint16_t size1, uint16_t color);                       // 显示字符�?
      |                                             ~~~~~~~~~^~~
../Core/Src/main.c:408:40: warning: pointer targets in passing argument 3 of 'EPD_ShowString' differ in signedness [-Wpointer-sign]
  408 |                 EPD_ShowString(33, 56, "Welcome to 2.90-inch E-paper", 16, BLACK);
      |                                        ^~~~~~~~~~~~~~~~~~~~~~~~~~~~~~
      |                                        |
      |                                        char *
../Core/Src/EPD.h:76:54: note: expected 'uint8_t *' {aka 'unsigned char *'} but argument is of type 'char *'
   76 | void EPD_ShowString(uint16_t x, uint16_t y, uint8_t *chr, uint16_t size1, uint16_t color);                       // 显示字符�?
      |                                             ~~~~~~~~~^~~
../Core/Src/main.c:409:40: warning: pointer targets in passing argument 3 of 'EPD_ShowString' differ in signedness [-Wpointer-sign]
  409 |                 EPD_ShowString(49, 73, "with 296 x 128 resolution", 16, BLACK);
      |                                        ^~~~~~~~~~~~~~~~~~~~~~~~~~~
      |                                        |
      |                                        char *
../Core/Src/EPD.h:76:54: note: expected 'uint8_t *' {aka 'unsigned char *'} but argument is of type 'char *'
   76 | void EPD_ShowString(uint16_t x, uint16_t y, uint8_t *chr, uint16_t size1, uint16_t color);                       // 显示字符�?
      |                                             ~~~~~~~~~^~~
../Core/Src/main.c:411:40: warning: pointer targets in passing argument 3 of 'EPD_ShowString' differ in signedness [-Wpointer-sign]
  411 |                 EPD_ShowString(53, 90, "Zhongjingyuan Electronic", 16, BLACK);
      |                                        ^~~~~~~~~~~~~~~~~~~~~~~~~~
      |                                        |
      |                                        char *
../Core/Src/EPD.h:76:54: note: expected 'uint8_t *' {aka 'unsigned char *'} but argument is of type 'char *'
   76 | void EPD_ShowString(uint16_t x, uint16_t y, uint8_t *chr, uint16_t size1, uint16_t color);                       // 显示字符�?
      |                                             ~~~~~~~~~^~~
../Core/Src/main.c:412:41: warning: pointer targets in passing argument 3 of 'EPD_ShowString' differ in signedness [-Wpointer-sign]
  412 |                 EPD_ShowString(75, 106, "Technology Co.,Ltd.", 16, BLACK);
      |                                         ^~~~~~~~~~~~~~~~~~~~~
      |                                         |
      |                                         char *
../Core/Src/EPD.h:76:54: note: expected 'uint8_t *' {aka 'unsigned char *'} but argument is of type 'char *'
   76 | void EPD_ShowString(uint16_t x, uint16_t y, uint8_t *chr, uint16_t size1, uint16_t color);                       // 显示字符�?
      |                                             ~~~~~~~~~^~~
make: *** [Core/Src/subdir.mk:37: Core/Src/main.o] Error 1
"make -j8 all" terminated with exit code 2. Build might be incomplete.
17:40:06 **** Incremental Build of configuration Debug for project BeepSinger ****
make -j8 all 
arm-none-eabi-gcc "../Core/Src/main.c" -mcpu=cortex-m3 -std=gnu11 -g3 -DDEBUG -DUSE_HAL_DRIVER -DSTM32F103xB -c -I../Core/Inc -I../Drivers/STM32F1xx_HAL_Driver/Inc -I../Drivers/STM32F1xx_HAL_Driver/Inc/Legacy -I../Drivers/CMSIS/Device/ST/STM32F1xx/Include -I../Drivers/CMSIS/Include -O0 -ffunction-sections -fdata-sections -Wall -fstack-usage -fcyclomatic-complexity -MMD -MP -MF"Core/Src/main.d" -MT"Core/Src/main.o" --specs=nano.specs -mfloat-abi=soft -mthumb -o "Core/Src/main.o"
../Core/Src/main.c: In function 'main':
../Core/Src/main.c:104:3: warning: implicit declaration of function 'EPD_demo' [-Wimplicit-function-declaration]
  104 |   EPD_demo();
      |   ^~~~~~~~
../Core/Src/main.c: In function 'EPD_demo':
../Core/Src/main.c:400:41: warning: pointer targets in passing argument 3 of 'EPD_ShowString' differ in signedness [-Wpointer-sign]
  400 |                 EPD_ShowString(108, 20, "2014/05/01", 16, BLACK);
      |                                         ^~~~~~~~~~~~
      |                                         |
      |                                         char *
In file included from ../Core/Src/main.c:25:
../Core/Src/EPD.h:76:54: note: expected 'uint8_t *' {aka 'unsigned char *'} but argument is of type 'char *'
   76 | void EPD_ShowString(uint16_t x, uint16_t y, uint8_t *chr, uint16_t size1, uint16_t color);                       // 显示字符�?
      |                                             ~~~~~~~~~^~~
../Core/Src/main.c:401:40: warning: pointer targets in passing argument 3 of 'EPD_ShowString' differ in signedness [-Wpointer-sign]
  401 |                 EPD_ShowString(80, 40, "ASCII:", 16, BLACK);
      |                                        ^~~~~~~~
      |                                        |
      |                                        char *
../Core/Src/EPD.h:76:54: note: expected 'uint8_t *' {aka 'unsigned char *'} but argument is of type 'char *'
   76 | void EPD_ShowString(uint16_t x, uint16_t y, uint8_t *chr, uint16_t size1, uint16_t color);                       // 显示字符�?
      |                                             ~~~~~~~~~^~~
../Core/Src/main.c:402:41: warning: pointer targets in passing argument 3 of 'EPD_ShowString' differ in signedness [-Wpointer-sign]
  402 |                 EPD_ShowString(157, 40, "CODE:", 16, BLACK);
      |                                         ^~~~~~~
      |                                         |
      |                                         char *
../Core/Src/EPD.h:76:54: note: expected 'uint8_t *' {aka 'unsigned char *'} but argument is of type 'char *'
   76 | void EPD_ShowString(uint16_t x, uint16_t y, uint8_t *chr, uint16_t size1, uint16_t color);                       // 显示字符�?
      |                                             ~~~~~~~~~^~~
../Core/Src/main.c:408:40: warning: pointer targets in passing argument 3 of 'EPD_ShowString' differ in signedness [-Wpointer-sign]
  408 |                 EPD_ShowString(33, 56, "Welcome to 2.90-inch E-paper", 16, BLACK);
      |                                        ^~~~~~~~~~~~~~~~~~~~~~~~~~~~~~
      |                                        |
      |                                        char *
../Core/Src/EPD.h:76:54: note: expected 'uint8_t *' {aka 'unsigned char *'} but argument is of type 'char *'
   76 | void EPD_ShowString(uint16_t x, uint16_t y, uint8_t *chr, uint16_t size1, uint16_t color);                       // 显示字符�?
      |                                             ~~~~~~~~~^~~
../Core/Src/main.c:409:40: warning: pointer targets in passing argument 3 of 'EPD_ShowString' differ in signedness [-Wpointer-sign]
  409 |                 EPD_ShowString(49, 73, "with 296 x 128 resolution", 16, BLACK);
      |                                        ^~~~~~~~~~~~~~~~~~~~~~~~~~~
      |                                        |
      |                                        char *
../Core/Src/EPD.h:76:54: note: expected 'uint8_t *' {aka 'unsigned char *'} but argument is of type 'char *'
   76 | void EPD_ShowString(uint16_t x, uint16_t y, uint8_t *chr, uint16_t size1, uint16_t color);                       // 显示字符�?
      |                                             ~~~~~~~~~^~~
../Core/Src/main.c:411:40: warning: pointer targets in passing argument 3 of 'EPD_ShowString' differ in signedness [-Wpointer-sign]
  411 |                 EPD_ShowString(53, 90, "Zhongjingyuan Electronic", 16, BLACK);
      |                                        ^~~~~~~~~~~~~~~~~~~~~~~~~~
      |                                        |
      |                                        char *
../Core/Src/EPD.h:76:54: note: expected 'uint8_t *' {aka 'unsigned char *'} but argument is of type 'char *'
   76 | void EPD_ShowString(uint16_t x, uint16_t y, uint8_t *chr, uint16_t size1, uint16_t color);                       // 显示字符�?
      |                                             ~~~~~~~~~^~~
../Core/Src/main.c:412:41: warning: pointer targets in passing argument 3 of 'EPD_ShowString' differ in signedness [-Wpointer-sign]
  412 |                 EPD_ShowString(75, 106, "Technology Co.,Ltd.", 16, BLACK);
      |                                         ^~~~~~~~~~~~~~~~~~~~~
      |                                         |
      |                                         char *
../Core/Src/EPD.h:76:54: note: expected 'uint8_t *' {aka 'unsigned char *'} but argument is of type 'char *'
   76 | void EPD_ShowString(uint16_t x, uint16_t y, uint8_t *chr, uint16_t size1, uint16_t color);                       // 显示字符�?
      |                                             ~~~~~~~~~^~~
arm-none-eabi-gcc -o "BeepSinger.elf" @"objects.list"   -mcpu=cortex-m3 -T"D:\PiYuanZhouLv\sl\BeepSinger\BeepSinger\STM32F103C8TX_FLASH.ld" --specs=nosys.specs -Wl,-Map="BeepSinger.map" -Wl,--gc-sections -static --specs=nano.specs -mfloat-abi=soft -mthumb -Wl,--start-group -lc -lm -Wl,--end-group
Finished building target: BeepSinger.elf
 
arm-none-eabi-size  BeepSinger.elf 
arm-none-eabi-objdump -h -S BeepSinger.elf  > "BeepSinger.list"
   text	   data	    bss	    dec	    hex	filename
  24964	     12	   6484	  31460	   7ae4	BeepSinger.elf
Finished building: default.size.stdout
 
Finished building: BeepSinger.list
 
17:45:41 **** Incremental Build of configuration Debug for project BeepSinger ****
make -j8 all 
arm-none-eabi-gcc "../Core/Src/main.c" -mcpu=cortex-m3 -std=gnu11 -g3 -DDEBUG -DUSE_HAL_DRIVER -DSTM32F103xB -c -I../Core/Inc -I../Drivers/STM32F1xx_HAL_Driver/Inc -I../Drivers/STM32F1xx_HAL_Driver/Inc/Legacy -I../Drivers/CMSIS/Device/ST/STM32F1xx/Include -I../Drivers/CMSIS/Include -O0 -ffunction-sections -fdata-sections -Wall -fstack-usage -fcyclomatic-complexity -MMD -MP -MF"Core/Src/main.d" -MT"Core/Src/main.o" --specs=nano.specs -mfloat-abi=soft -mthumb -o "Core/Src/main.o"
../Core/Src/main.c: In function 'main':
../Core/Src/main.c:104:3: warning: implicit declaration of function 'EPD_demo' [-Wimplicit-function-declaration]
  104 |   EPD_demo();
      |   ^~~~~~~~
../Core/Src/main.c: In function 'EPD_demo':
../Core/Src/main.c:400:41: warning: pointer targets in passing argument 3 of 'EPD_ShowString' differ in signedness [-Wpointer-sign]
  400 |                 EPD_ShowString(108, 20, "2014/05/01", 16, BLACK);
      |                                         ^~~~~~~~~~~~
      |                                         |
      |                                         char *
In file included from ../Core/Src/main.c:25:
../Core/Src/EPD.h:76:54: note: expected 'uint8_t *' {aka 'unsigned char *'} but argument is of type 'char *'
   76 | void EPD_ShowString(uint16_t x, uint16_t y, uint8_t *chr, uint16_t size1, uint16_t color);                       // 显示字符�?
      |                                             ~~~~~~~~~^~~
../Core/Src/main.c:401:40: warning: pointer targets in passing argument 3 of 'EPD_ShowString' differ in signedness [-Wpointer-sign]
  401 |                 EPD_ShowString(80, 40, "ASCII:", 16, BLACK);
      |                                        ^~~~~~~~
      |                                        |
      |                                        char *
../Core/Src/EPD.h:76:54: note: expected 'uint8_t *' {aka 'unsigned char *'} but argument is of type 'char *'
   76 | void EPD_ShowString(uint16_t x, uint16_t y, uint8_t *chr, uint16_t size1, uint16_t color);                       // 显示字符�?
      |                                             ~~~~~~~~~^~~
../Core/Src/main.c:402:41: warning: pointer targets in passing argument 3 of 'EPD_ShowString' differ in signedness [-Wpointer-sign]
  402 |                 EPD_ShowString(157, 40, "CODE:", 16, BLACK);
      |                                         ^~~~~~~
      |                                         |
      |                                         char *
../Core/Src/EPD.h:76:54: note: expected 'uint8_t *' {aka 'unsigned char *'} but argument is of type 'char *'
   76 | void EPD_ShowString(uint16_t x, uint16_t y, uint8_t *chr, uint16_t size1, uint16_t color);                       // 显示字符�?
      |                                             ~~~~~~~~~^~~
../Core/Src/main.c:408:40: warning: pointer targets in passing argument 3 of 'EPD_ShowString' differ in signedness [-Wpointer-sign]
  408 |                 EPD_ShowString(33, 56, "Welcome to 2.90-inch E-paper", 16, BLACK);
      |                                        ^~~~~~~~~~~~~~~~~~~~~~~~~~~~~~
      |                                        |
      |                                        char *
../Core/Src/EPD.h:76:54: note: expected 'uint8_t *' {aka 'unsigned char *'} but argument is of type 'char *'
   76 | void EPD_ShowString(uint16_t x, uint16_t y, uint8_t *chr, uint16_t size1, uint16_t color);                       // 显示字符�?
      |                                             ~~~~~~~~~^~~
../Core/Src/main.c:409:40: warning: pointer targets in passing argument 3 of 'EPD_ShowString' differ in signedness [-Wpointer-sign]
  409 |                 EPD_ShowString(49, 73, "with 296 x 128 resolution", 16, BLACK);
      |                                        ^~~~~~~~~~~~~~~~~~~~~~~~~~~
      |                                        |
      |                                        char *
../Core/Src/EPD.h:76:54: note: expected 'uint8_t *' {aka 'unsigned char *'} but argument is of type 'char *'
   76 | void EPD_ShowString(uint16_t x, uint16_t y, uint8_t *chr, uint16_t size1, uint16_t color);                       // 显示字符�?
      |                                             ~~~~~~~~~^~~
../Core/Src/main.c:411:40: warning: pointer targets in passing argument 3 of 'EPD_ShowString' differ in signedness [-Wpointer-sign]
  411 |                 EPD_ShowString(53, 90, "Zhongjingyuan Electronic", 16, BLACK);
      |                                        ^~~~~~~~~~~~~~~~~~~~~~~~~~
      |                                        |
      |                                        char *
../Core/Src/EPD.h:76:54: note: expected 'uint8_t *' {aka 'unsigned char *'} but argument is of type 'char *'
   76 | void EPD_ShowString(uint16_t x, uint16_t y, uint8_t *chr, uint16_t size1, uint16_t color);                       // 显示字符�?
      |                                             ~~~~~~~~~^~~
../Core/Src/main.c:412:41: warning: pointer targets in passing argument 3 of 'EPD_ShowString' differ in signedness [-Wpointer-sign]
  412 |                 EPD_ShowString(75, 106, "Technology Co.,Ltd.", 16, BLACK);
      |                                         ^~~~~~~~~~~~~~~~~~~~~
      |                                         |
      |                                         char *
../Core/Src/EPD.h:76:54: note: expected 'uint8_t *' {aka 'unsigned char *'} but argument is of type 'char *'
   76 | void EPD_ShowString(uint16_t x, uint16_t y, uint8_t *chr, uint16_t size1, uint16_t color);                       // 显示字符�?
      |                                             ~~~~~~~~~^~~
arm-none-eabi-gcc -o "BeepSinger.elf" @"objects.list"   -mcpu=cortex-m3 -T"D:\PiYuanZhouLv\sl\BeepSinger\BeepSinger\STM32F103C8TX_FLASH.ld" --specs=nosys.specs -Wl,-Map="BeepSinger.map" -Wl,--gc-sections -static --specs=nano.specs -mfloat-abi=soft -mthumb -Wl,--start-group -lc -lm -Wl,--end-group
Finished building target: BeepSinger.elf
 
arm-none-eabi-size  BeepSinger.elf 
arm-none-eabi-objdump -h -S BeepSinger.elf  > "BeepSinger.list"
   text	   data	    bss	    dec	    hex	filename
  19840	     12	   6484	  26336	   66e0	BeepSinger.elf
Finished building: default.size.stdout
 
Finished building: BeepSinger.list
 
17:47:24 **** Incremental Build of configuration Debug for project BeepSinger ****
make -j8 all 
arm-none-eabi-gcc "../Core/Src/EPD.c" -mcpu=cortex-m3 -std=gnu11 -g3 -DDEBUG -DUSE_HAL_DRIVER -DSTM32F103xB -c -I../Core/Inc -I../Drivers/STM32F1xx_HAL_Driver/Inc -I../Drivers/STM32F1xx_HAL_Driver/Inc/Legacy -I../Drivers/CMSIS/Device/ST/STM32F1xx/Include -I../Drivers/CMSIS/Include -O0 -ffunction-sections -fdata-sections -Wall -fstack-usage -fcyclomatic-complexity -MMD -MP -MF"Core/Src/EPD.d" -MT"Core/Src/EPD.o" --specs=nano.specs -mfloat-abi=soft -mthumb -o "Core/Src/EPD.o"
arm-none-eabi-gcc "../Core/Src/main.c" -mcpu=cortex-m3 -std=gnu11 -g3 -DDEBUG -DUSE_HAL_DRIVER -DSTM32F103xB -c -I../Core/Inc -I../Drivers/STM32F1xx_HAL_Driver/Inc -I../Drivers/STM32F1xx_HAL_Driver/Inc/Legacy -I../Drivers/CMSIS/Device/ST/STM32F1xx/Include -I../Drivers/CMSIS/Include -O0 -ffunction-sections -fdata-sections -Wall -fstack-usage -fcyclomatic-complexity -MMD -MP -MF"Core/Src/main.d" -MT"Core/Src/main.o" --specs=nano.specs -mfloat-abi=soft -mthumb -o "Core/Src/main.o"
../Core/Src/EPD.c: In function 'EPD_GUIInit':
../Core/Src/EPD.c:94:3: warning: implicit declaration of function 'delay_ms' [-Wimplicit-function-declaration]
   94 |   delay_ms(20);  // At least 10ms delay
      |   ^~~~~~~~
../Core/Src/main.c: In function 'main':
../Core/Src/main.c:104:3: warning: implicit declaration of function 'EPD_demo' [-Wimplicit-function-declaration]
  104 |   EPD_demo();
      |   ^~~~~~~~
../Core/Src/main.c: In function 'EPD_demo':
../Core/Src/main.c:400:41: warning: pointer targets in passing argument 3 of 'EPD_ShowString' differ in signedness [-Wpointer-sign]
  400 |                 EPD_ShowString(108, 20, "2014/05/01", 16, BLACK);
      |                                         ^~~~~~~~~~~~
      |                                         |
      |                                         char *
In file included from ../Core/Src/main.c:25:
../Core/Src/EPD.h:76:54: note: expected 'uint8_t *' {aka 'unsigned char *'} but argument is of type 'char *'
   76 | void EPD_ShowString(uint16_t x, uint16_t y, uint8_t *chr, uint16_t size1, uint16_t color);                       // 显示字符�?
      |                                             ~~~~~~~~~^~~
../Core/Src/main.c:401:40: warning: pointer targets in passing argument 3 of 'EPD_ShowString' differ in signedness [-Wpointer-sign]
  401 |                 EPD_ShowString(80, 40, "ASCII:", 16, BLACK);
      |                                        ^~~~~~~~
      |                                        |
      |                                        char *
../Core/Src/EPD.h:76:54: note: expected 'uint8_t *' {aka 'unsigned char *'} but argument is of type 'char *'
   76 | void EPD_ShowString(uint16_t x, uint16_t y, uint8_t *chr, uint16_t size1, uint16_t color);                       // 显示字符�?
      |                                             ~~~~~~~~~^~~
../Core/Src/main.c:402:41: warning: pointer targets in passing argument 3 of 'EPD_ShowString' differ in signedness [-Wpointer-sign]
  402 |                 EPD_ShowString(157, 40, "CODE:", 16, BLACK);
      |                                         ^~~~~~~
      |                                         |
      |                                         char *
../Core/Src/EPD.h:76:54: note: expected 'uint8_t *' {aka 'unsigned char *'} but argument is of type 'char *'
   76 | void EPD_ShowString(uint16_t x, uint16_t y, uint8_t *chr, uint16_t size1, uint16_t color);                       // 显示字符�?
      |                                             ~~~~~~~~~^~~
../Core/Src/main.c:408:40: warning: pointer targets in passing argument 3 of 'EPD_ShowString' differ in signedness [-Wpointer-sign]
  408 |                 EPD_ShowString(33, 56, "Welcome to 2.90-inch E-paper", 16, BLACK);
      |                                        ^~~~~~~~~~~~~~~~~~~~~~~~~~~~~~
      |                                        |
      |                                        char *
../Core/Src/EPD.h:76:54: note: expected 'uint8_t *' {aka 'unsigned char *'} but argument is of type 'char *'
   76 | void EPD_ShowString(uint16_t x, uint16_t y, uint8_t *chr, uint16_t size1, uint16_t color);                       // 显示字符�?
      |                                             ~~~~~~~~~^~~
../Core/Src/main.c:409:40: warning: pointer targets in passing argument 3 of 'EPD_ShowString' differ in signedness [-Wpointer-sign]
  409 |                 EPD_ShowString(49, 73, "with 296 x 128 resolution", 16, BLACK);
      |                                        ^~~~~~~~~~~~~~~~~~~~~~~~~~~
      |                                        |
      |                                        char *
../Core/Src/EPD.h:76:54: note: expected 'uint8_t *' {aka 'unsigned char *'} but argument is of type 'char *'
   76 | void EPD_ShowString(uint16_t x, uint16_t y, uint8_t *chr, uint16_t size1, uint16_t color);                       // 显示字符�?
      |                                             ~~~~~~~~~^~~
../Core/Src/main.c:411:40: warning: pointer targets in passing argument 3 of 'EPD_ShowString' differ in signedness [-Wpointer-sign]
  411 |                 EPD_ShowString(53, 90, "Zhongjingyuan Electronic", 16, BLACK);
      |                                        ^~~~~~~~~~~~~~~~~~~~~~~~~~
      |                                        |
      |                                        char *
../Core/Src/EPD.h:76:54: note: expected 'uint8_t *' {aka 'unsigned char *'} but argument is of type 'char *'
   76 | void EPD_ShowString(uint16_t x, uint16_t y, uint8_t *chr, uint16_t size1, uint16_t color);                       // 显示字符�?
      |                                             ~~~~~~~~~^~~
../Core/Src/main.c:412:41: warning: pointer targets in passing argument 3 of 'EPD_ShowString' differ in signedness [-Wpointer-sign]
  412 |                 EPD_ShowString(75, 106, "Technology Co.,Ltd.", 16, BLACK);
      |                                         ^~~~~~~~~~~~~~~~~~~~~
      |                                         |
      |                                         char *
../Core/Src/EPD.h:76:54: note: expected 'uint8_t *' {aka 'unsigned char *'} but argument is of type 'char *'
   76 | void EPD_ShowString(uint16_t x, uint16_t y, uint8_t *chr, uint16_t size1, uint16_t color);                       // 显示字符�?
      |                                             ~~~~~~~~~^~~
arm-none-eabi-gcc -o "BeepSinger.elf" @"objects.list"   -mcpu=cortex-m3 -T"D:\PiYuanZhouLv\sl\BeepSinger\BeepSinger\STM32F103C8TX_FLASH.ld" --specs=nosys.specs -Wl,-Map="BeepSinger.map" -Wl,--gc-sections -static --specs=nano.specs -mfloat-abi=soft -mthumb -Wl,--start-group -lc -lm -Wl,--end-group
Finished building target: BeepSinger.elf
 
arm-none-eabi-size  BeepSinger.elf 
arm-none-eabi-objdump -h -S BeepSinger.elf  > "BeepSinger.list"
   text	   data	    bss	    dec	    hex	filename
  19840	     12	   6484	  26336	   66e0	BeepSinger.elf
Finished building: default.size.stdout
 
Finished building: BeepSinger.list
 
17:48:14 **** Incremental Build of configuration Debug for project BeepSinger ****
make -j8 all 
arm-none-eabi-gcc "../Core/Src/EPD.c" -mcpu=cortex-m3 -std=gnu11 -g3 -DDEBUG -DUSE_HAL_DRIVER -DSTM32F103xB -c -I../Core/Inc -I../Drivers/STM32F1xx_HAL_Driver/Inc -I../Drivers/STM32F1xx_HAL_Driver/Inc/Legacy -I../Drivers/CMSIS/Device/ST/STM32F1xx/Include -I../Drivers/CMSIS/Include -O0 -ffunction-sections -fdata-sections -Wall -fstack-usage -fcyclomatic-complexity -MMD -MP -MF"Core/Src/EPD.d" -MT"Core/Src/EPD.o" --specs=nano.specs -mfloat-abi=soft -mthumb -o "Core/Src/EPD.o"
arm-none-eabi-gcc "../Core/Src/main.c" -mcpu=cortex-m3 -std=gnu11 -g3 -DDEBUG -DUSE_HAL_DRIVER -DSTM32F103xB -c -I../Core/Inc -I../Drivers/STM32F1xx_HAL_Driver/Inc -I../Drivers/STM32F1xx_HAL_Driver/Inc/Legacy -I../Drivers/CMSIS/Device/ST/STM32F1xx/Include -I../Drivers/CMSIS/Include -O0 -ffunction-sections -fdata-sections -Wall -fstack-usage -fcyclomatic-complexity -MMD -MP -MF"Core/Src/main.d" -MT"Core/Src/main.o" --specs=nano.specs -mfloat-abi=soft -mthumb -o "Core/Src/main.o"
../Core/Src/EPD.c: In function 'EPD_GUIInit':
../Core/Src/main.c: In function 'main':
../Core/Src/EPD.c:94:3: warning: implicit declaration of function 'delay_ms' [-Wimplicit-function-declaration]
   94 |   delay_ms(20);  // At least 10ms delay
      |   ^~~~~~~~
../Core/Src/main.c:104:3: warning: implicit declaration of function 'EPD_demo' [-Wimplicit-function-declaration]
  104 |   EPD_demo();
      |   ^~~~~~~~
../Core/Src/main.c: In function 'EPD_demo':
../Core/Src/main.c:400:41: warning: pointer targets in passing argument 3 of 'EPD_ShowString' differ in signedness [-Wpointer-sign]
  400 |                 EPD_ShowString(108, 20, "2014/05/01", 16, BLACK);
      |                                         ^~~~~~~~~~~~
      |                                         |
      |                                         char *
In file included from ../Core/Src/main.c:25:
../Core/Src/EPD.h:76:54: note: expected 'uint8_t *' {aka 'unsigned char *'} but argument is of type 'char *'
   76 | void EPD_ShowString(uint16_t x, uint16_t y, uint8_t *chr, uint16_t size1, uint16_t color);                       // 显示字符�?
      |                                             ~~~~~~~~~^~~
../Core/Src/main.c:401:40: warning: pointer targets in passing argument 3 of 'EPD_ShowString' differ in signedness [-Wpointer-sign]
  401 |                 EPD_ShowString(80, 40, "ASCII:", 16, BLACK);
      |                                        ^~~~~~~~
      |                                        |
      |                                        char *
../Core/Src/EPD.h:76:54: note: expected 'uint8_t *' {aka 'unsigned char *'} but argument is of type 'char *'
   76 | void EPD_ShowString(uint16_t x, uint16_t y, uint8_t *chr, uint16_t size1, uint16_t color);                       // 显示字符�?
      |                                             ~~~~~~~~~^~~
../Core/Src/main.c:402:41: warning: pointer targets in passing argument 3 of 'EPD_ShowString' differ in signedness [-Wpointer-sign]
  402 |                 EPD_ShowString(157, 40, "CODE:", 16, BLACK);
      |                                         ^~~~~~~
      |                                         |
      |                                         char *
../Core/Src/EPD.h:76:54: note: expected 'uint8_t *' {aka 'unsigned char *'} but argument is of type 'char *'
   76 | void EPD_ShowString(uint16_t x, uint16_t y, uint8_t *chr, uint16_t size1, uint16_t color);                       // 显示字符�?
      |                                             ~~~~~~~~~^~~
../Core/Src/main.c:408:40: warning: pointer targets in passing argument 3 of 'EPD_ShowString' differ in signedness [-Wpointer-sign]
  408 |                 EPD_ShowString(33, 56, "Welcome to 2.90-inch E-paper", 16, BLACK);
      |                                        ^~~~~~~~~~~~~~~~~~~~~~~~~~~~~~
      |                                        |
      |                                        char *
../Core/Src/EPD.h:76:54: note: expected 'uint8_t *' {aka 'unsigned char *'} but argument is of type 'char *'
   76 | void EPD_ShowString(uint16_t x, uint16_t y, uint8_t *chr, uint16_t size1, uint16_t color);                       // 显示字符�?
      |                                             ~~~~~~~~~^~~
../Core/Src/main.c:409:40: warning: pointer targets in passing argument 3 of 'EPD_ShowString' differ in signedness [-Wpointer-sign]
  409 |                 EPD_ShowString(49, 73, "with 296 x 128 resolution", 16, BLACK);
      |                                        ^~~~~~~~~~~~~~~~~~~~~~~~~~~
      |                                        |
      |                                        char *
../Core/Src/EPD.h:76:54: note: expected 'uint8_t *' {aka 'unsigned char *'} but argument is of type 'char *'
   76 | void EPD_ShowString(uint16_t x, uint16_t y, uint8_t *chr, uint16_t size1, uint16_t color);                       // 显示字符�?
      |                                             ~~~~~~~~~^~~
../Core/Src/main.c:411:40: warning: pointer targets in passing argument 3 of 'EPD_ShowString' differ in signedness [-Wpointer-sign]
  411 |                 EPD_ShowString(53, 90, "Zhongjingyuan Electronic", 16, BLACK);
      |                                        ^~~~~~~~~~~~~~~~~~~~~~~~~~
      |                                        |
      |                                        char *
../Core/Src/EPD.h:76:54: note: expected 'uint8_t *' {aka 'unsigned char *'} but argument is of type 'char *'
   76 | void EPD_ShowString(uint16_t x, uint16_t y, uint8_t *chr, uint16_t size1, uint16_t color);                       // 显示字符�?
      |                                             ~~~~~~~~~^~~
../Core/Src/main.c:412:41: warning: pointer targets in passing argument 3 of 'EPD_ShowString' differ in signedness [-Wpointer-sign]
  412 |                 EPD_ShowString(75, 106, "Technology Co.,Ltd.", 16, BLACK);
      |                                         ^~~~~~~~~~~~~~~~~~~~~
      |                                         |
      |                                         char *
../Core/Src/EPD.h:76:54: note: expected 'uint8_t *' {aka 'unsigned char *'} but argument is of type 'char *'
   76 | void EPD_ShowString(uint16_t x, uint16_t y, uint8_t *chr, uint16_t size1, uint16_t color);                       // 显示字符�?
      |                                             ~~~~~~~~~^~~
arm-none-eabi-gcc -o "BeepSinger.elf" @"objects.list"   -mcpu=cortex-m3 -T"D:\PiYuanZhouLv\sl\BeepSinger\BeepSinger\STM32F103C8TX_FLASH.ld" --specs=nosys.specs -Wl,-Map="BeepSinger.map" -Wl,--gc-sections -static --specs=nano.specs -mfloat-abi=soft -mthumb -Wl,--start-group -lc -lm -Wl,--end-group
Finished building target: BeepSinger.elf
 
arm-none-eabi-size  BeepSinger.elf 
arm-none-eabi-objdump -h -S BeepSinger.elf  > "BeepSinger.list"
   text	   data	    bss	    dec	    hex	filename
  19840	     12	   6484	  26336	   66e0	BeepSinger.elf
Finished building: default.size.stdout
 
Finished building: BeepSinger.list
 
18:00:08 **** Incremental Build of configuration Debug for project BeepSinger ****
make -j8 all 
arm-none-eabi-gcc "../Core/Src/EPD.c" -mcpu=cortex-m3 -std=gnu11 -g3 -DDEBUG -DUSE_HAL_DRIVER -DSTM32F103xB -c -I../Core/Inc -I../Drivers/STM32F1xx_HAL_Driver/Inc -I../Drivers/STM32F1xx_HAL_Driver/Inc/Legacy -I../Drivers/CMSIS/Device/ST/STM32F1xx/Include -I../Drivers/CMSIS/Include -O0 -ffunction-sections -fdata-sections -Wall -fstack-usage -fcyclomatic-complexity -MMD -MP -MF"Core/Src/EPD.d" -MT"Core/Src/EPD.o" --specs=nano.specs -mfloat-abi=soft -mthumb -o "Core/Src/EPD.o"
../Core/Src/EPD.c: In function 'EPD_GUIInit':
../Core/Src/EPD.c:94:3: warning: implicit declaration of function 'delay_ms' [-Wimplicit-function-declaration]
   94 |   delay_ms(20);  // At least 10ms delay
      |   ^~~~~~~~
arm-none-eabi-gcc -o "BeepSinger.elf" @"objects.list"   -mcpu=cortex-m3 -T"D:\PiYuanZhouLv\sl\BeepSinger\BeepSinger\STM32F103C8TX_FLASH.ld" --specs=nosys.specs -Wl,-Map="BeepSinger.map" -Wl,--gc-sections -static --specs=nano.specs -mfloat-abi=soft -mthumb -Wl,--start-group -lc -lm -Wl,--end-group
Finished building target: BeepSinger.elf
 
arm-none-eabi-size  BeepSinger.elf 
arm-none-eabi-objdump -h -S BeepSinger.elf  > "BeepSinger.list"
   text	   data	    bss	    dec	    hex	filename
  19840	     12	   6484	  26336	   66e0	BeepSinger.elf
Finished building: default.size.stdout
 
Finished building: BeepSinger.list
 
18:01:11 **** Incremental Build of configuration Debug for project BeepSinger ****
make -j8 all 
arm-none-eabi-gcc "../Core/Src/EPD.c" -mcpu=cortex-m3 -std=gnu11 -g3 -DDEBUG -DUSE_HAL_DRIVER -DSTM32F103xB -c -I../Core/Inc -I../Drivers/STM32F1xx_HAL_Driver/Inc -I../Drivers/STM32F1xx_HAL_Driver/Inc/Legacy -I../Drivers/CMSIS/Device/ST/STM32F1xx/Include -I../Drivers/CMSIS/Include -O0 -ffunction-sections -fdata-sections -Wall -fstack-usage -fcyclomatic-complexity -MMD -MP -MF"Core/Src/EPD.d" -MT"Core/Src/EPD.o" --specs=nano.specs -mfloat-abi=soft -mthumb -o "Core/Src/EPD.o"
../Core/Src/EPD.c: In function 'EPD_GUIInit':
../Core/Src/EPD.c:94:3: warning: implicit declaration of function 'delay_ms' [-Wimplicit-function-declaration]
   94 |   delay_ms(20);  // At least 10ms delay
      |   ^~~~~~~~
arm-none-eabi-gcc -o "BeepSinger.elf" @"objects.list"   -mcpu=cortex-m3 -T"D:\PiYuanZhouLv\sl\BeepSinger\BeepSinger\STM32F103C8TX_FLASH.ld" --specs=nosys.specs -Wl,-Map="BeepSinger.map" -Wl,--gc-sections -static --specs=nano.specs -mfloat-abi=soft -mthumb -Wl,--start-group -lc -lm -Wl,--end-group
Finished building target: BeepSinger.elf
 
arm-none-eabi-size  BeepSinger.elf 
arm-none-eabi-objdump -h -S BeepSinger.elf  > "BeepSinger.list"
   text	   data	    bss	    dec	    hex	filename
  19840	     12	   6484	  26336	   66e0	BeepSinger.elf
Finished building: default.size.stdout
 
Finished building: BeepSinger.list
 
18:10:02 **** Incremental Build of configuration Debug for project BeepSinger ****
make -j8 all 
arm-none-eabi-gcc "../Core/Src/EPD.c" -mcpu=cortex-m3 -std=gnu11 -g3 -DDEBUG -DUSE_HAL_DRIVER -DSTM32F103xB -c -I../Core/Inc -I../Drivers/STM32F1xx_HAL_Driver/Inc -I../Drivers/STM32F1xx_HAL_Driver/Inc/Legacy -I../Drivers/CMSIS/Device/ST/STM32F1xx/Include -I../Drivers/CMSIS/Include -O0 -ffunction-sections -fdata-sections -Wall -fstack-usage -fcyclomatic-complexity -MMD -MP -MF"Core/Src/EPD.d" -MT"Core/Src/EPD.o" --specs=nano.specs -mfloat-abi=soft -mthumb -o "Core/Src/EPD.o"
../Core/Src/EPD.c: In function 'EPD_GUIInit':
../Core/Src/EPD.c:96:3: warning: implicit declaration of function 'delay_ms' [-Wimplicit-function-declaration]
   96 |   delay_ms(20);  // At least 10ms delay
      |   ^~~~~~~~
arm-none-eabi-gcc -o "BeepSinger.elf" @"objects.list"   -mcpu=cortex-m3 -T"D:\PiYuanZhouLv\sl\BeepSinger\BeepSinger\STM32F103C8TX_FLASH.ld" --specs=nosys.specs -Wl,-Map="BeepSinger.map" -Wl,--gc-sections -static --specs=nano.specs -mfloat-abi=soft -mthumb -Wl,--start-group -lc -lm -Wl,--end-group
Finished building target: BeepSinger.elf
 
arm-none-eabi-size  BeepSinger.elf 
arm-none-eabi-objdump -h -S BeepSinger.elf  > "BeepSinger.list"
   text	   data	    bss	    dec	    hex	filename
  19840	     12	   6484	  26336	   66e0	BeepSinger.elf
Finished building: default.size.stdout
 
Finished building: BeepSinger.list
 
18:10:58 **** Incremental Build of configuration Debug for project BeepSinger ****
make -j8 all 
arm-none-eabi-gcc "../Core/Src/EPD.c" -mcpu=cortex-m3 -std=gnu11 -g3 -DDEBUG -DUSE_HAL_DRIVER -DSTM32F103xB -c -I../Core/Inc -I../Drivers/STM32F1xx_HAL_Driver/Inc -I../Drivers/STM32F1xx_HAL_Driver/Inc/Legacy -I../Drivers/CMSIS/Device/ST/STM32F1xx/Include -I../Drivers/CMSIS/Include -O0 -ffunction-sections -fdata-sections -Wall -fstack-usage -fcyclomatic-complexity -MMD -MP -MF"Core/Src/EPD.d" -MT"Core/Src/EPD.o" --specs=nano.specs -mfloat-abi=soft -mthumb -o "Core/Src/EPD.o"
../Core/Src/EPD.c: In function 'EPD_GUIInit':
../Core/Src/EPD.c:96:3: warning: implicit declaration of function 'delay_ms' [-Wimplicit-function-declaration]
   96 |   delay_ms(20);  // At least 10ms delay
      |   ^~~~~~~~
arm-none-eabi-gcc -o "BeepSinger.elf" @"objects.list"   -mcpu=cortex-m3 -T"D:\PiYuanZhouLv\sl\BeepSinger\BeepSinger\STM32F103C8TX_FLASH.ld" --specs=nosys.specs -Wl,-Map="BeepSinger.map" -Wl,--gc-sections -static --specs=nano.specs -mfloat-abi=soft -mthumb -Wl,--start-group -lc -lm -Wl,--end-group
Finished building target: BeepSinger.elf
 
arm-none-eabi-size  BeepSinger.elf 
arm-none-eabi-objdump -h -S BeepSinger.elf  > "BeepSinger.list"
   text	   data	    bss	    dec	    hex	filename
  19840	     12	   6484	  26336	   66e0	BeepSinger.elf
Finished building: default.size.stdout
 
Finished building: BeepSinger.list
 
18:31:15 **** Incremental Build of configuration Debug for project BeepSinger ****
make -j8 all 
arm-none-eabi-gcc "../Core/Src/main.c" -mcpu=cortex-m3 -std=gnu11 -g3 -DDEBUG -DUSE_HAL_DRIVER -DSTM32F103xB -c -I../Core/Inc -I../Drivers/STM32F1xx_HAL_Driver/Inc -I../Drivers/STM32F1xx_HAL_Driver/Inc/Legacy -I../Drivers/CMSIS/Device/ST/STM32F1xx/Include -I../Drivers/CMSIS/Include -O0 -ffunction-sections -fdata-sections -Wall -fstack-usage -fcyclomatic-complexity -MMD -MP -MF"Core/Src/main.d" -MT"Core/Src/main.o" --specs=nano.specs -mfloat-abi=soft -mthumb -o "Core/Src/main.o"
../Core/Src/main.c: In function 'main':
../Core/Src/main.c:104:3: warning: implicit declaration of function 'EPD_demo' [-Wimplicit-function-declaration]
  104 |   EPD_demo();
      |   ^~~~~~~~
../Core/Src/main.c: In function 'EPD_demo':
../Core/Src/main.c:400:41: warning: pointer targets in passing argument 3 of 'EPD_ShowString' differ in signedness [-Wpointer-sign]
  400 |                 EPD_ShowString(108, 20, "2014/05/01", 16, BLACK);
      |                                         ^~~~~~~~~~~~
      |                                         |
      |                                         char *
In file included from ../Core/Src/main.c:25:
../Core/Src/EPD.h:76:54: note: expected 'uint8_t *' {aka 'unsigned char *'} but argument is of type 'char *'
   76 | void EPD_ShowString(uint16_t x, uint16_t y, uint8_t *chr, uint16_t size1, uint16_t color);                       // 显示字符�?
      |                                             ~~~~~~~~~^~~
../Core/Src/main.c:401:40: warning: pointer targets in passing argument 3 of 'EPD_ShowString' differ in signedness [-Wpointer-sign]
  401 |                 EPD_ShowString(80, 40, "ASCII:", 16, BLACK);
      |                                        ^~~~~~~~
      |                                        |
      |                                        char *
../Core/Src/EPD.h:76:54: note: expected 'uint8_t *' {aka 'unsigned char *'} but argument is of type 'char *'
   76 | void EPD_ShowString(uint16_t x, uint16_t y, uint8_t *chr, uint16_t size1, uint16_t color);                       // 显示字符�?
      |                                             ~~~~~~~~~^~~
../Core/Src/main.c:402:41: warning: pointer targets in passing argument 3 of 'EPD_ShowString' differ in signedness [-Wpointer-sign]
  402 |                 EPD_ShowString(157, 40, "CODE:", 16, BLACK);
      |                                         ^~~~~~~
      |                                         |
      |                                         char *
../Core/Src/EPD.h:76:54: note: expected 'uint8_t *' {aka 'unsigned char *'} but argument is of type 'char *'
   76 | void EPD_ShowString(uint16_t x, uint16_t y, uint8_t *chr, uint16_t size1, uint16_t color);                       // 显示字符�?
      |                                             ~~~~~~~~~^~~
../Core/Src/main.c:408:40: warning: pointer targets in passing argument 3 of 'EPD_ShowString' differ in signedness [-Wpointer-sign]
  408 |                 EPD_ShowString(33, 56, "Welcome to 2.90-inch E-paper", 16, BLACK);
      |                                        ^~~~~~~~~~~~~~~~~~~~~~~~~~~~~~
      |                                        |
      |                                        char *
../Core/Src/EPD.h:76:54: note: expected 'uint8_t *' {aka 'unsigned char *'} but argument is of type 'char *'
   76 | void EPD_ShowString(uint16_t x, uint16_t y, uint8_t *chr, uint16_t size1, uint16_t color);                       // 显示字符�?
      |                                             ~~~~~~~~~^~~
../Core/Src/main.c:409:40: warning: pointer targets in passing argument 3 of 'EPD_ShowString' differ in signedness [-Wpointer-sign]
  409 |                 EPD_ShowString(49, 73, "with 296 x 128 resolution", 16, BLACK);
      |                                        ^~~~~~~~~~~~~~~~~~~~~~~~~~~
      |                                        |
      |                                        char *
../Core/Src/EPD.h:76:54: note: expected 'uint8_t *' {aka 'unsigned char *'} but argument is of type 'char *'
   76 | void EPD_ShowString(uint16_t x, uint16_t y, uint8_t *chr, uint16_t size1, uint16_t color);                       // 显示字符�?
      |                                             ~~~~~~~~~^~~
../Core/Src/main.c:411:40: warning: pointer targets in passing argument 3 of 'EPD_ShowString' differ in signedness [-Wpointer-sign]
  411 |                 EPD_ShowString(53, 90, "Zhongjingyuan Electronic", 16, BLACK);
      |                                        ^~~~~~~~~~~~~~~~~~~~~~~~~~
      |                                        |
      |                                        char *
../Core/Src/EPD.h:76:54: note: expected 'uint8_t *' {aka 'unsigned char *'} but argument is of type 'char *'
   76 | void EPD_ShowString(uint16_t x, uint16_t y, uint8_t *chr, uint16_t size1, uint16_t color);                       // 显示字符�?
      |                                             ~~~~~~~~~^~~
../Core/Src/main.c:412:41: warning: pointer targets in passing argument 3 of 'EPD_ShowString' differ in signedness [-Wpointer-sign]
  412 |                 EPD_ShowString(75, 106, "Technology Co.,Ltd.", 16, BLACK);
      |                                         ^~~~~~~~~~~~~~~~~~~~~
      |                                         |
      |                                         char *
../Core/Src/EPD.h:76:54: note: expected 'uint8_t *' {aka 'unsigned char *'} but argument is of type 'char *'
   76 | void EPD_ShowString(uint16_t x, uint16_t y, uint8_t *chr, uint16_t size1, uint16_t color);                       // 显示字符�?
      |                                             ~~~~~~~~~^~~
arm-none-eabi-gcc -o "BeepSinger.elf" @"objects.list"   -mcpu=cortex-m3 -T"D:\PiYuanZhouLv\sl\BeepSinger\BeepSinger\STM32F103C8TX_FLASH.ld" --specs=nosys.specs -Wl,-Map="BeepSinger.map" -Wl,--gc-sections -static --specs=nano.specs -mfloat-abi=soft -mthumb -Wl,--start-group -lc -lm -Wl,--end-group
Finished building target: BeepSinger.elf
 
arm-none-eabi-size  BeepSinger.elf 
arm-none-eabi-objdump -h -S BeepSinger.elf  > "BeepSinger.list"
   text	   data	    bss	    dec	    hex	filename
  19624	     12	   6484	  26120	   6608	BeepSinger.elf
Finished building: default.size.stdout
 
Finished building: BeepSinger.list
 
18:32:30 **** Incremental Build of configuration Debug for project BeepSinger ****
make -j8 all 
arm-none-eabi-gcc "../Core/Src/main.c" -mcpu=cortex-m3 -std=gnu11 -g3 -DDEBUG -DUSE_HAL_DRIVER -DSTM32F103xB -c -I../Core/Inc -I../Drivers/STM32F1xx_HAL_Driver/Inc -I../Drivers/STM32F1xx_HAL_Driver/Inc/Legacy -I../Drivers/CMSIS/Device/ST/STM32F1xx/Include -I../Drivers/CMSIS/Include -O0 -ffunction-sections -fdata-sections -Wall -fstack-usage -fcyclomatic-complexity -MMD -MP -MF"Core/Src/main.d" -MT"Core/Src/main.o" --specs=nano.specs -mfloat-abi=soft -mthumb -o "Core/Src/main.o"
../Core/Src/main.c: In function 'main':
../Core/Src/main.c:104:3: warning: implicit declaration of function 'EPD_demo' [-Wimplicit-function-declaration]
  104 |   EPD_demo();
      |   ^~~~~~~~
../Core/Src/main.c: In function 'EPD_demo':
../Core/Src/main.c:400:41: warning: pointer targets in passing argument 3 of 'EPD_ShowString' differ in signedness [-Wpointer-sign]
  400 |                 EPD_ShowString(108, 20, "2014/05/01", 16, BLACK);
      |                                         ^~~~~~~~~~~~
      |                                         |
      |                                         char *
In file included from ../Core/Src/main.c:25:
../Core/Src/EPD.h:76:54: note: expected 'uint8_t *' {aka 'unsigned char *'} but argument is of type 'char *'
   76 | void EPD_ShowString(uint16_t x, uint16_t y, uint8_t *chr, uint16_t size1, uint16_t color);                       // 显示字符�?
      |                                             ~~~~~~~~~^~~
../Core/Src/main.c:401:40: warning: pointer targets in passing argument 3 of 'EPD_ShowString' differ in signedness [-Wpointer-sign]
  401 |                 EPD_ShowString(80, 40, "ASCII:", 16, BLACK);
      |                                        ^~~~~~~~
      |                                        |
      |                                        char *
../Core/Src/EPD.h:76:54: note: expected 'uint8_t *' {aka 'unsigned char *'} but argument is of type 'char *'
   76 | void EPD_ShowString(uint16_t x, uint16_t y, uint8_t *chr, uint16_t size1, uint16_t color);                       // 显示字符�?
      |                                             ~~~~~~~~~^~~
../Core/Src/main.c:402:41: warning: pointer targets in passing argument 3 of 'EPD_ShowString' differ in signedness [-Wpointer-sign]
  402 |                 EPD_ShowString(157, 40, "CODE:", 16, BLACK);
      |                                         ^~~~~~~
      |                                         |
      |                                         char *
../Core/Src/EPD.h:76:54: note: expected 'uint8_t *' {aka 'unsigned char *'} but argument is of type 'char *'
   76 | void EPD_ShowString(uint16_t x, uint16_t y, uint8_t *chr, uint16_t size1, uint16_t color);                       // 显示字符�?
      |                                             ~~~~~~~~~^~~
../Core/Src/main.c:408:40: warning: pointer targets in passing argument 3 of 'EPD_ShowString' differ in signedness [-Wpointer-sign]
  408 |                 EPD_ShowString(33, 56, "Welcome to 2.90-inch E-paper", 16, BLACK);
      |                                        ^~~~~~~~~~~~~~~~~~~~~~~~~~~~~~
      |                                        |
      |                                        char *
../Core/Src/EPD.h:76:54: note: expected 'uint8_t *' {aka 'unsigned char *'} but argument is of type 'char *'
   76 | void EPD_ShowString(uint16_t x, uint16_t y, uint8_t *chr, uint16_t size1, uint16_t color);                       // 显示字符�?
      |                                             ~~~~~~~~~^~~
../Core/Src/main.c:409:40: warning: pointer targets in passing argument 3 of 'EPD_ShowString' differ in signedness [-Wpointer-sign]
  409 |                 EPD_ShowString(49, 73, "with 296 x 128 resolution", 16, BLACK);
      |                                        ^~~~~~~~~~~~~~~~~~~~~~~~~~~
      |                                        |
      |                                        char *
../Core/Src/EPD.h:76:54: note: expected 'uint8_t *' {aka 'unsigned char *'} but argument is of type 'char *'
   76 | void EPD_ShowString(uint16_t x, uint16_t y, uint8_t *chr, uint16_t size1, uint16_t color);                       // 显示字符�?
      |                                             ~~~~~~~~~^~~
../Core/Src/main.c:411:40: warning: pointer targets in passing argument 3 of 'EPD_ShowString' differ in signedness [-Wpointer-sign]
  411 |                 EPD_ShowString(53, 90, "Zhongjingyuan Electronic", 16, BLACK);
      |                                        ^~~~~~~~~~~~~~~~~~~~~~~~~~
      |                                        |
      |                                        char *
../Core/Src/EPD.h:76:54: note: expected 'uint8_t *' {aka 'unsigned char *'} but argument is of type 'char *'
   76 | void EPD_ShowString(uint16_t x, uint16_t y, uint8_t *chr, uint16_t size1, uint16_t color);                       // 显示字符�?
      |                                             ~~~~~~~~~^~~
../Core/Src/main.c:412:41: warning: pointer targets in passing argument 3 of 'EPD_ShowString' differ in signedness [-Wpointer-sign]
  412 |                 EPD_ShowString(75, 106, "Technology Co.,Ltd.", 16, BLACK);
      |                                         ^~~~~~~~~~~~~~~~~~~~~
      |                                         |
      |                                         char *
../Core/Src/EPD.h:76:54: note: expected 'uint8_t *' {aka 'unsigned char *'} but argument is of type 'char *'
   76 | void EPD_ShowString(uint16_t x, uint16_t y, uint8_t *chr, uint16_t size1, uint16_t color);                       // 显示字符�?
      |                                             ~~~~~~~~~^~~
arm-none-eabi-gcc -o "BeepSinger.elf" @"objects.list"   -mcpu=cortex-m3 -T"D:\PiYuanZhouLv\sl\BeepSinger\BeepSinger\STM32F103C8TX_FLASH.ld" --specs=nosys.specs -Wl,-Map="BeepSinger.map" -Wl,--gc-sections -static --specs=nano.specs -mfloat-abi=soft -mthumb -Wl,--start-group -lc -lm -Wl,--end-group
Finished building target: BeepSinger.elf
 
arm-none-eabi-size  BeepSinger.elf 
arm-none-eabi-objdump -h -S BeepSinger.elf  > "BeepSinger.list"
   text	   data	    bss	    dec	    hex	filename
  19608	     12	   6484	  26104	   65f8	BeepSinger.elf
Finished building: default.size.stdout
 
Finished building: BeepSinger.list
 
18:34:21 **** Incremental Build of configuration Debug for project BeepSinger ****
make -j8 all 
arm-none-eabi-gcc "../Core/Src/main.c" -mcpu=cortex-m3 -std=gnu11 -g3 -DDEBUG -DUSE_HAL_DRIVER -DSTM32F103xB -c -I../Core/Inc -I../Drivers/STM32F1xx_HAL_Driver/Inc -I../Drivers/STM32F1xx_HAL_Driver/Inc/Legacy -I../Drivers/CMSIS/Device/ST/STM32F1xx/Include -I../Drivers/CMSIS/Include -O0 -ffunction-sections -fdata-sections -Wall -fstack-usage -fcyclomatic-complexity -MMD -MP -MF"Core/Src/main.d" -MT"Core/Src/main.o" --specs=nano.specs -mfloat-abi=soft -mthumb -o "Core/Src/main.o"
../Core/Src/main.c: In function 'main':
../Core/Src/main.c:104:3: warning: implicit declaration of function 'EPD_demo' [-Wimplicit-function-declaration]
  104 |   EPD_demo();
      |   ^~~~~~~~
../Core/Src/main.c: In function 'EPD_demo':
../Core/Src/main.c:400:41: warning: pointer targets in passing argument 3 of 'EPD_ShowString' differ in signedness [-Wpointer-sign]
  400 |                 EPD_ShowString(108, 20, "2014/05/01", 16, BLACK);
      |                                         ^~~~~~~~~~~~
      |                                         |
      |                                         char *
In file included from ../Core/Src/main.c:25:
../Core/Src/EPD.h:76:54: note: expected 'uint8_t *' {aka 'unsigned char *'} but argument is of type 'char *'
   76 | void EPD_ShowString(uint16_t x, uint16_t y, uint8_t *chr, uint16_t size1, uint16_t color);                       // 显示字符�?
      |                                             ~~~~~~~~~^~~
../Core/Src/main.c:401:40: warning: pointer targets in passing argument 3 of 'EPD_ShowString' differ in signedness [-Wpointer-sign]
  401 |                 EPD_ShowString(80, 40, "ASCII:", 16, BLACK);
      |                                        ^~~~~~~~
      |                                        |
      |                                        char *
../Core/Src/EPD.h:76:54: note: expected 'uint8_t *' {aka 'unsigned char *'} but argument is of type 'char *'
   76 | void EPD_ShowString(uint16_t x, uint16_t y, uint8_t *chr, uint16_t size1, uint16_t color);                       // 显示字符�?
      |                                             ~~~~~~~~~^~~
../Core/Src/main.c:402:41: warning: pointer targets in passing argument 3 of 'EPD_ShowString' differ in signedness [-Wpointer-sign]
  402 |                 EPD_ShowString(157, 40, "CODE:", 16, BLACK);
      |                                         ^~~~~~~
      |                                         |
      |                                         char *
../Core/Src/EPD.h:76:54: note: expected 'uint8_t *' {aka 'unsigned char *'} but argument is of type 'char *'
   76 | void EPD_ShowString(uint16_t x, uint16_t y, uint8_t *chr, uint16_t size1, uint16_t color);                       // 显示字符�?
      |                                             ~~~~~~~~~^~~
../Core/Src/main.c:408:40: warning: pointer targets in passing argument 3 of 'EPD_ShowString' differ in signedness [-Wpointer-sign]
  408 |                 EPD_ShowString(33, 56, "Welcome to 2.90-inch E-paper", 16, BLACK);
      |                                        ^~~~~~~~~~~~~~~~~~~~~~~~~~~~~~
      |                                        |
      |                                        char *
../Core/Src/EPD.h:76:54: note: expected 'uint8_t *' {aka 'unsigned char *'} but argument is of type 'char *'
   76 | void EPD_ShowString(uint16_t x, uint16_t y, uint8_t *chr, uint16_t size1, uint16_t color);                       // 显示字符�?
      |                                             ~~~~~~~~~^~~
../Core/Src/main.c:409:40: warning: pointer targets in passing argument 3 of 'EPD_ShowString' differ in signedness [-Wpointer-sign]
  409 |                 EPD_ShowString(49, 73, "with 296 x 128 resolution", 16, BLACK);
      |                                        ^~~~~~~~~~~~~~~~~~~~~~~~~~~
      |                                        |
      |                                        char *
../Core/Src/EPD.h:76:54: note: expected 'uint8_t *' {aka 'unsigned char *'} but argument is of type 'char *'
   76 | void EPD_ShowString(uint16_t x, uint16_t y, uint8_t *chr, uint16_t size1, uint16_t color);                       // 显示字符�?
      |                                             ~~~~~~~~~^~~
../Core/Src/main.c:411:40: warning: pointer targets in passing argument 3 of 'EPD_ShowString' differ in signedness [-Wpointer-sign]
  411 |                 EPD_ShowString(53, 90, "Zhongjingyuan Electronic", 16, BLACK);
      |                                        ^~~~~~~~~~~~~~~~~~~~~~~~~~
      |                                        |
      |                                        char *
../Core/Src/EPD.h:76:54: note: expected 'uint8_t *' {aka 'unsigned char *'} but argument is of type 'char *'
   76 | void EPD_ShowString(uint16_t x, uint16_t y, uint8_t *chr, uint16_t size1, uint16_t color);                       // 显示字符�?
      |                                             ~~~~~~~~~^~~
../Core/Src/main.c:412:41: warning: pointer targets in passing argument 3 of 'EPD_ShowString' differ in signedness [-Wpointer-sign]
  412 |                 EPD_ShowString(75, 106, "Technology Co.,Ltd.", 16, BLACK);
      |                                         ^~~~~~~~~~~~~~~~~~~~~
      |                                         |
      |                                         char *
../Core/Src/EPD.h:76:54: note: expected 'uint8_t *' {aka 'unsigned char *'} but argument is of type 'char *'
   76 | void EPD_ShowString(uint16_t x, uint16_t y, uint8_t *chr, uint16_t size1, uint16_t color);                       // 显示字符�?
      |                                             ~~~~~~~~~^~~
arm-none-eabi-gcc -o "BeepSinger.elf" @"objects.list"   -mcpu=cortex-m3 -T"D:\PiYuanZhouLv\sl\BeepSinger\BeepSinger\STM32F103C8TX_FLASH.ld" --specs=nosys.specs -Wl,-Map="BeepSinger.map" -Wl,--gc-sections -static --specs=nano.specs -mfloat-abi=soft -mthumb -Wl,--start-group -lc -lm -Wl,--end-group
Finished building target: BeepSinger.elf
 
arm-none-eabi-size  BeepSinger.elf 
arm-none-eabi-objdump -h -S BeepSinger.elf  > "BeepSinger.list"
   text	   data	    bss	    dec	    hex	filename
  19600	     12	   6484	  26096	   65f0	BeepSinger.elf
Finished building: default.size.stdout
 
Finished building: BeepSinger.list
 
18:47:20 **** Incremental Build of configuration Debug for project BeepSinger ****
make -j8 all 
arm-none-eabi-gcc "../Core/Src/EPD.c" -mcpu=cortex-m3 -std=gnu11 -g3 -DDEBUG -DUSE_HAL_DRIVER -DSTM32F103xB -c -I../Core/Inc -I../Drivers/STM32F1xx_HAL_Driver/Inc -I../Drivers/STM32F1xx_HAL_Driver/Inc/Legacy -I../Drivers/CMSIS/Device/ST/STM32F1xx/Include -I../Drivers/CMSIS/Include -O0 -ffunction-sections -fdata-sections -Wall -fstack-usage -fcyclomatic-complexity -MMD -MP -MF"Core/Src/EPD.d" -MT"Core/Src/EPD.o" --specs=nano.specs -mfloat-abi=soft -mthumb -o "Core/Src/EPD.o"
../Core/Src/EPD.c: In function 'EPD_GUIInit':
../Core/Src/EPD.c:96:3: warning: implicit declaration of function 'delay_ms' [-Wimplicit-function-declaration]
   96 |   delay_ms(20);  // At least 10ms delay
      |   ^~~~~~~~
arm-none-eabi-gcc -o "BeepSinger.elf" @"objects.list"   -mcpu=cortex-m3 -T"D:\PiYuanZhouLv\sl\BeepSinger\BeepSinger\STM32F103C8TX_FLASH.ld" --specs=nosys.specs -Wl,-Map="BeepSinger.map" -Wl,--gc-sections -static --specs=nano.specs -mfloat-abi=soft -mthumb -Wl,--start-group -lc -lm -Wl,--end-group
Finished building target: BeepSinger.elf
 
arm-none-eabi-size  BeepSinger.elf 
arm-none-eabi-objdump -h -S BeepSinger.elf  > "BeepSinger.list"
   text	   data	    bss	    dec	    hex	filename
  19600	     12	   6484	  26096	   65f0	BeepSinger.elf
Finished building: default.size.stdout
 
Finished building: BeepSinger.list
 
18:48:10 **** Incremental Build of configuration Debug for project BeepSinger ****
make -j8 all 
arm-none-eabi-gcc "../Core/Src/EPD.c" -mcpu=cortex-m3 -std=gnu11 -g3 -DDEBUG -DUSE_HAL_DRIVER -DSTM32F103xB -c -I../Core/Inc -I../Drivers/STM32F1xx_HAL_Driver/Inc -I../Drivers/STM32F1xx_HAL_Driver/Inc/Legacy -I../Drivers/CMSIS/Device/ST/STM32F1xx/Include -I../Drivers/CMSIS/Include -O0 -ffunction-sections -fdata-sections -Wall -fstack-usage -fcyclomatic-complexity -MMD -MP -MF"Core/Src/EPD.d" -MT"Core/Src/EPD.o" --specs=nano.specs -mfloat-abi=soft -mthumb -o "Core/Src/EPD.o"
../Core/Src/EPD.c: In function 'EPD_GUIInit':
../Core/Src/EPD.c:96:3: warning: implicit declaration of function 'delay_ms' [-Wimplicit-function-declaration]
   96 |   delay_ms(20);  // At least 10ms delay
      |   ^~~~~~~~
arm-none-eabi-gcc -o "BeepSinger.elf" @"objects.list"   -mcpu=cortex-m3 -T"D:\PiYuanZhouLv\sl\BeepSinger\BeepSinger\STM32F103C8TX_FLASH.ld" --specs=nosys.specs -Wl,-Map="BeepSinger.map" -Wl,--gc-sections -static --specs=nano.specs -mfloat-abi=soft -mthumb -Wl,--start-group -lc -lm -Wl,--end-group
Finished building target: BeepSinger.elf
 
arm-none-eabi-size  BeepSinger.elf 
arm-none-eabi-objdump -h -S BeepSinger.elf  > "BeepSinger.list"
   text	   data	    bss	    dec	    hex	filename
  19600	     12	   6484	  26096	   65f0	BeepSinger.elf
Finished building: default.size.stdout
 
Finished building: BeepSinger.list
 
18:48:48 **** Incremental Build of configuration Debug for project BeepSinger ****
make -j8 all 
arm-none-eabi-gcc "../Core/Src/EPD.c" -mcpu=cortex-m3 -std=gnu11 -g3 -DDEBUG -DUSE_HAL_DRIVER -DSTM32F103xB -c -I../Core/Inc -I../Drivers/STM32F1xx_HAL_Driver/Inc -I../Drivers/STM32F1xx_HAL_Driver/Inc/Legacy -I../Drivers/CMSIS/Device/ST/STM32F1xx/Include -I../Drivers/CMSIS/Include -O0 -ffunction-sections -fdata-sections -Wall -fstack-usage -fcyclomatic-complexity -MMD -MP -MF"Core/Src/EPD.d" -MT"Core/Src/EPD.o" --specs=nano.specs -mfloat-abi=soft -mthumb -o "Core/Src/EPD.o"
../Core/Src/EPD.c: In function 'EPD_GUIInit':
../Core/Src/EPD.c:96:3: warning: implicit declaration of function 'delay_ms' [-Wimplicit-function-declaration]
   96 |   delay_ms(20);  // At least 10ms delay
      |   ^~~~~~~~
arm-none-eabi-gcc -o "BeepSinger.elf" @"objects.list"   -mcpu=cortex-m3 -T"D:\PiYuanZhouLv\sl\BeepSinger\BeepSinger\STM32F103C8TX_FLASH.ld" --specs=nosys.specs -Wl,-Map="BeepSinger.map" -Wl,--gc-sections -static --specs=nano.specs -mfloat-abi=soft -mthumb -Wl,--start-group -lc -lm -Wl,--end-group
Finished building target: BeepSinger.elf
 
arm-none-eabi-size  BeepSinger.elf 
arm-none-eabi-objdump -h -S BeepSinger.elf  > "BeepSinger.list"
   text	   data	    bss	    dec	    hex	filename
  19600	     12	   6484	  26096	   65f0	BeepSinger.elf
Finished building: default.size.stdout
 
Finished building: BeepSinger.list
 
18:49:24 **** Incremental Build of configuration Debug for project BeepSinger ****
make -j8 all 
arm-none-eabi-gcc "../Core/Src/EPD.c" -mcpu=cortex-m3 -std=gnu11 -g3 -DDEBUG -DUSE_HAL_DRIVER -DSTM32F103xB -c -I../Core/Inc -I../Drivers/STM32F1xx_HAL_Driver/Inc -I../Drivers/STM32F1xx_HAL_Driver/Inc/Legacy -I../Drivers/CMSIS/Device/ST/STM32F1xx/Include -I../Drivers/CMSIS/Include -O0 -ffunction-sections -fdata-sections -Wall -fstack-usage -fcyclomatic-complexity -MMD -MP -MF"Core/Src/EPD.d" -MT"Core/Src/EPD.o" --specs=nano.specs -mfloat-abi=soft -mthumb -o "Core/Src/EPD.o"
../Core/Src/EPD.c: In function 'EPD_GUIInit':
../Core/Src/EPD.c:96:3: warning: implicit declaration of function 'delay_ms' [-Wimplicit-function-declaration]
   96 |   delay_ms(20);  // At least 10ms delay
      |   ^~~~~~~~
arm-none-eabi-gcc -o "BeepSinger.elf" @"objects.list"   -mcpu=cortex-m3 -T"D:\PiYuanZhouLv\sl\BeepSinger\BeepSinger\STM32F103C8TX_FLASH.ld" --specs=nosys.specs -Wl,-Map="BeepSinger.map" -Wl,--gc-sections -static --specs=nano.specs -mfloat-abi=soft -mthumb -Wl,--start-group -lc -lm -Wl,--end-group
Finished building target: BeepSinger.elf
 
arm-none-eabi-size  BeepSinger.elf 
arm-none-eabi-objdump -h -S BeepSinger.elf  > "BeepSinger.list"
   text	   data	    bss	    dec	    hex	filename
  19600	     12	   6484	  26096	   65f0	BeepSinger.elf
Finished building: default.size.stdout
 
Finished building: BeepSinger.list
 
19:13:13 **** Incremental Build of configuration Debug for project BeepSinger ****
make -j8 all 
arm-none-eabi-size  BeepSinger.elf 
   text	   data	    bss	    dec	    hex	filename
  19600	     12	   6484	  26096	   65f0	BeepSinger.elf
Finished building: default.size.stdout
 
19:13:55 **** Incremental Build of configuration Debug for project BeepSinger ****
make -j8 all 
arm-none-eabi-gcc "../Core/Src/EPD.c" -mcpu=cortex-m3 -std=gnu11 -g3 -DDEBUG -DUSE_HAL_DRIVER -DSTM32F103xB -c -I../Core/Inc -I../Drivers/STM32F1xx_HAL_Driver/Inc -I../Drivers/STM32F1xx_HAL_Driver/Inc/Legacy -I../Drivers/CMSIS/Device/ST/STM32F1xx/Include -I../Drivers/CMSIS/Include -O0 -ffunction-sections -fdata-sections -Wall -fstack-usage -fcyclomatic-complexity -MMD -MP -MF"Core/Src/EPD.d" -MT"Core/Src/EPD.o" --specs=nano.specs -mfloat-abi=soft -mthumb -o "Core/Src/EPD.o"
../Core/Src/EPD.c: In function 'EPD_GUIInit':
../Core/Src/EPD.c:96:3: warning: implicit declaration of function 'delay_ms' [-Wimplicit-function-declaration]
   96 |   delay_ms(20);  // At least 10ms delay
      |   ^~~~~~~~
arm-none-eabi-gcc -o "BeepSinger.elf" @"objects.list"   -mcpu=cortex-m3 -T"D:\PiYuanZhouLv\sl\BeepSinger\BeepSinger\STM32F103C8TX_FLASH.ld" --specs=nosys.specs -Wl,-Map="BeepSinger.map" -Wl,--gc-sections -static --specs=nano.specs -mfloat-abi=soft -mthumb -Wl,--start-group -lc -lm -Wl,--end-group
Finished building target: BeepSinger.elf
 
arm-none-eabi-size  BeepSinger.elf 
arm-none-eabi-objdump -h -S BeepSinger.elf  > "BeepSinger.list"
   text	   data	    bss	    dec	    hex	filename
  19600	     12	   6484	  26096	   65f0	BeepSinger.elf
Finished building: default.size.stdout
 
Finished building: BeepSinger.list
 
19:15:50 **** Incremental Build of configuration Debug for project BeepSinger ****
make -j8 all 
arm-none-eabi-gcc "../Core/Src/EPD.c" -mcpu=cortex-m3 -std=gnu11 -g3 -DDEBUG -DUSE_HAL_DRIVER -DSTM32F103xB -c -I../Core/Inc -I../Drivers/STM32F1xx_HAL_Driver/Inc -I../Drivers/STM32F1xx_HAL_Driver/Inc/Legacy -I../Drivers/CMSIS/Device/ST/STM32F1xx/Include -I../Drivers/CMSIS/Include -O0 -ffunction-sections -fdata-sections -Wall -fstack-usage -fcyclomatic-complexity -MMD -MP -MF"Core/Src/EPD.d" -MT"Core/Src/EPD.o" --specs=nano.specs -mfloat-abi=soft -mthumb -o "Core/Src/EPD.o"
../Core/Src/EPD.c: In function 'EPD_GUIInit':
../Core/Src/EPD.c:96:3: warning: implicit declaration of function 'delay_ms' [-Wimplicit-function-declaration]
   96 |   delay_ms(20);  // At least 10ms delay
      |   ^~~~~~~~
arm-none-eabi-gcc -o "BeepSinger.elf" @"objects.list"   -mcpu=cortex-m3 -T"D:\PiYuanZhouLv\sl\BeepSinger\BeepSinger\STM32F103C8TX_FLASH.ld" --specs=nosys.specs -Wl,-Map="BeepSinger.map" -Wl,--gc-sections -static --specs=nano.specs -mfloat-abi=soft -mthumb -Wl,--start-group -lc -lm -Wl,--end-group
Finished building target: BeepSinger.elf
 
arm-none-eabi-size  BeepSinger.elf 
arm-none-eabi-objdump -h -S BeepSinger.elf  > "BeepSinger.list"
   text	   data	    bss	    dec	    hex	filename
  19600	     12	   6484	  26096	   65f0	BeepSinger.elf
Finished building: default.size.stdout
 
Finished building: BeepSinger.list
 
19:17:35 **** Incremental Build of configuration Debug for project BeepSinger ****
make -j8 all 
arm-none-eabi-gcc "../Core/Src/EPD.c" -mcpu=cortex-m3 -std=gnu11 -g3 -DDEBUG -DUSE_HAL_DRIVER -DSTM32F103xB -c -I../Core/Inc -I../Drivers/STM32F1xx_HAL_Driver/Inc -I../Drivers/STM32F1xx_HAL_Driver/Inc/Legacy -I../Drivers/CMSIS/Device/ST/STM32F1xx/Include -I../Drivers/CMSIS/Include -O0 -ffunction-sections -fdata-sections -Wall -fstack-usage -fcyclomatic-complexity -MMD -MP -MF"Core/Src/EPD.d" -MT"Core/Src/EPD.o" --specs=nano.specs -mfloat-abi=soft -mthumb -o "Core/Src/EPD.o"
arm-none-eabi-gcc "../Core/Src/main.c" -mcpu=cortex-m3 -std=gnu11 -g3 -DDEBUG -DUSE_HAL_DRIVER -DSTM32F103xB -c -I../Core/Inc -I../Drivers/STM32F1xx_HAL_Driver/Inc -I../Drivers/STM32F1xx_HAL_Driver/Inc/Legacy -I../Drivers/CMSIS/Device/ST/STM32F1xx/Include -I../Drivers/CMSIS/Include -O0 -ffunction-sections -fdata-sections -Wall -fstack-usage -fcyclomatic-complexity -MMD -MP -MF"Core/Src/main.d" -MT"Core/Src/main.o" --specs=nano.specs -mfloat-abi=soft -mthumb -o "Core/Src/main.o"
../Core/Src/EPD.c: In function 'EPD_GUIInit':
../Core/Src/EPD.c:96:3: warning: implicit declaration of function 'delay_ms' [-Wimplicit-function-declaration]
   96 |   delay_ms(20);  // At least 10ms delay
      |   ^~~~~~~~
../Core/Src/main.c: In function 'main':
../Core/Src/main.c:104:3: warning: implicit declaration of function 'EPD_demo' [-Wimplicit-function-declaration]
  104 |   EPD_demo();
      |   ^~~~~~~~
../Core/Src/main.c: In function 'EPD_demo':
../Core/Src/main.c:401:41: warning: pointer targets in passing argument 3 of 'EPD_ShowString' differ in signedness [-Wpointer-sign]
  401 |                 EPD_ShowString(108, 20, "2014/05/01", 16, BLACK);
      |                                         ^~~~~~~~~~~~
      |                                         |
      |                                         char *
In file included from ../Core/Src/main.c:25:
../Core/Src/EPD.h:76:54: note: expected 'uint8_t *' {aka 'unsigned char *'} but argument is of type 'char *'
   76 | void EPD_ShowString(uint16_t x, uint16_t y, uint8_t *chr, uint16_t size1, uint16_t color);                       // 显示字符�?
      |                                             ~~~~~~~~~^~~
../Core/Src/main.c:402:40: warning: pointer targets in passing argument 3 of 'EPD_ShowString' differ in signedness [-Wpointer-sign]
  402 |                 EPD_ShowString(80, 40, "ASCII:", 16, BLACK);
      |                                        ^~~~~~~~
      |                                        |
      |                                        char *
../Core/Src/EPD.h:76:54: note: expected 'uint8_t *' {aka 'unsigned char *'} but argument is of type 'char *'
   76 | void EPD_ShowString(uint16_t x, uint16_t y, uint8_t *chr, uint16_t size1, uint16_t color);                       // 显示字符�?
      |                                             ~~~~~~~~~^~~
../Core/Src/main.c:403:41: warning: pointer targets in passing argument 3 of 'EPD_ShowString' differ in signedness [-Wpointer-sign]
  403 |                 EPD_ShowString(157, 40, "CODE:", 16, BLACK);
      |                                         ^~~~~~~
      |                                         |
      |                                         char *
../Core/Src/EPD.h:76:54: note: expected 'uint8_t *' {aka 'unsigned char *'} but argument is of type 'char *'
   76 | void EPD_ShowString(uint16_t x, uint16_t y, uint8_t *chr, uint16_t size1, uint16_t color);                       // 显示字符�?
      |                                             ~~~~~~~~~^~~
../Core/Src/main.c:411:40: warning: pointer targets in passing argument 3 of 'EPD_ShowString' differ in signedness [-Wpointer-sign]
  411 |                 EPD_ShowString(33, 56, "Welcome to 2.90-inch E-paper", 16, BLACK);
      |                                        ^~~~~~~~~~~~~~~~~~~~~~~~~~~~~~
      |                                        |
      |                                        char *
../Core/Src/EPD.h:76:54: note: expected 'uint8_t *' {aka 'unsigned char *'} but argument is of type 'char *'
   76 | void EPD_ShowString(uint16_t x, uint16_t y, uint8_t *chr, uint16_t size1, uint16_t color);                       // 显示字符�?
      |                                             ~~~~~~~~~^~~
../Core/Src/main.c:412:40: warning: pointer targets in passing argument 3 of 'EPD_ShowString' differ in signedness [-Wpointer-sign]
  412 |                 EPD_ShowString(49, 73, "with 296 x 128 resolution", 16, BLACK);
      |                                        ^~~~~~~~~~~~~~~~~~~~~~~~~~~
      |                                        |
      |                                        char *
../Core/Src/EPD.h:76:54: note: expected 'uint8_t *' {aka 'unsigned char *'} but argument is of type 'char *'
   76 | void EPD_ShowString(uint16_t x, uint16_t y, uint8_t *chr, uint16_t size1, uint16_t color);                       // 显示字符�?
      |                                             ~~~~~~~~~^~~
../Core/Src/main.c:414:40: warning: pointer targets in passing argument 3 of 'EPD_ShowString' differ in signedness [-Wpointer-sign]
  414 |                 EPD_ShowString(53, 90, "Zhongjingyuan Electronic", 16, BLACK);
      |                                        ^~~~~~~~~~~~~~~~~~~~~~~~~~
      |                                        |
      |                                        char *
../Core/Src/EPD.h:76:54: note: expected 'uint8_t *' {aka 'unsigned char *'} but argument is of type 'char *'
   76 | void EPD_ShowString(uint16_t x, uint16_t y, uint8_t *chr, uint16_t size1, uint16_t color);                       // 显示字符�?
      |                                             ~~~~~~~~~^~~
../Core/Src/main.c:415:41: warning: pointer targets in passing argument 3 of 'EPD_ShowString' differ in signedness [-Wpointer-sign]
  415 |                 EPD_ShowString(75, 106, "Technology Co.,Ltd.", 16, BLACK);
      |                                         ^~~~~~~~~~~~~~~~~~~~~
      |                                         |
      |                                         char *
../Core/Src/EPD.h:76:54: note: expected 'uint8_t *' {aka 'unsigned char *'} but argument is of type 'char *'
   76 | void EPD_ShowString(uint16_t x, uint16_t y, uint8_t *chr, uint16_t size1, uint16_t color);                       // 显示字符�?
      |                                             ~~~~~~~~~^~~
arm-none-eabi-gcc -o "BeepSinger.elf" @"objects.list"   -mcpu=cortex-m3 -T"D:\PiYuanZhouLv\sl\BeepSinger\BeepSinger\STM32F103C8TX_FLASH.ld" --specs=nosys.specs -Wl,-Map="BeepSinger.map" -Wl,--gc-sections -static --specs=nano.specs -mfloat-abi=soft -mthumb -Wl,--start-group -lc -lm -Wl,--end-group
Finished building target: BeepSinger.elf
 
arm-none-eabi-size  BeepSinger.elf 
arm-none-eabi-objdump -h -S BeepSinger.elf  > "BeepSinger.list"
   text	   data	    bss	    dec	    hex	filename
  19644	     12	   6484	  26140	   661c	BeepSinger.elf
Finished building: default.size.stdout
 
Finished building: BeepSinger.list
 
19:18:57 **** Incremental Build of configuration Debug for project BeepSinger ****
make -j8 all 
arm-none-eabi-gcc "../Core/Src/EPD.c" -mcpu=cortex-m3 -std=gnu11 -g3 -DDEBUG -DUSE_HAL_DRIVER -DSTM32F103xB -c -I../Core/Inc -I../Drivers/STM32F1xx_HAL_Driver/Inc -I../Drivers/STM32F1xx_HAL_Driver/Inc/Legacy -I../Drivers/CMSIS/Device/ST/STM32F1xx/Include -I../Drivers/CMSIS/Include -O0 -ffunction-sections -fdata-sections -Wall -fstack-usage -fcyclomatic-complexity -MMD -MP -MF"Core/Src/EPD.d" -MT"Core/Src/EPD.o" --specs=nano.specs -mfloat-abi=soft -mthumb -o "Core/Src/EPD.o"
../Core/Src/EPD.c: In function 'EPD_GUIInit':
../Core/Src/EPD.c:96:3: warning: implicit declaration of function 'delay_ms' [-Wimplicit-function-declaration]
   96 |   delay_ms(20);  // At least 10ms delay
      |   ^~~~~~~~
arm-none-eabi-gcc -o "BeepSinger.elf" @"objects.list"   -mcpu=cortex-m3 -T"D:\PiYuanZhouLv\sl\BeepSinger\BeepSinger\STM32F103C8TX_FLASH.ld" --specs=nosys.specs -Wl,-Map="BeepSinger.map" -Wl,--gc-sections -static --specs=nano.specs -mfloat-abi=soft -mthumb -Wl,--start-group -lc -lm -Wl,--end-group
Finished building target: BeepSinger.elf
 
arm-none-eabi-size  BeepSinger.elf 
arm-none-eabi-objdump -h -S BeepSinger.elf  > "BeepSinger.list"
   text	   data	    bss	    dec	    hex	filename
  19644	     12	   6484	  26140	   661c	BeepSinger.elf
Finished building: default.size.stdout
 
Finished building: BeepSinger.list
 
19:19:56 **** Incremental Build of configuration Debug for project BeepSinger ****
make -j8 all 
arm-none-eabi-gcc "../Core/Src/EPD.c" -mcpu=cortex-m3 -std=gnu11 -g3 -DDEBUG -DUSE_HAL_DRIVER -DSTM32F103xB -c -I../Core/Inc -I../Drivers/STM32F1xx_HAL_Driver/Inc -I../Drivers/STM32F1xx_HAL_Driver/Inc/Legacy -I../Drivers/CMSIS/Device/ST/STM32F1xx/Include -I../Drivers/CMSIS/Include -O0 -ffunction-sections -fdata-sections -Wall -fstack-usage -fcyclomatic-complexity -MMD -MP -MF"Core/Src/EPD.d" -MT"Core/Src/EPD.o" --specs=nano.specs -mfloat-abi=soft -mthumb -o "Core/Src/EPD.o"
arm-none-eabi-gcc "../Core/Src/main.c" -mcpu=cortex-m3 -std=gnu11 -g3 -DDEBUG -DUSE_HAL_DRIVER -DSTM32F103xB -c -I../Core/Inc -I../Drivers/STM32F1xx_HAL_Driver/Inc -I../Drivers/STM32F1xx_HAL_Driver/Inc/Legacy -I../Drivers/CMSIS/Device/ST/STM32F1xx/Include -I../Drivers/CMSIS/Include -O0 -ffunction-sections -fdata-sections -Wall -fstack-usage -fcyclomatic-complexity -MMD -MP -MF"Core/Src/main.d" -MT"Core/Src/main.o" --specs=nano.specs -mfloat-abi=soft -mthumb -o "Core/Src/main.o"
../Core/Src/main.c: In function 'main':
../Core/Src/main.c:104:3: warning: implicit declaration of function 'EPD_demo' [-Wimplicit-function-declaration]
  104 |   EPD_demo();
      |   ^~~~~~~~
../Core/Src/main.c: In function 'EPD_demo':
../Core/Src/main.c:401:41: warning: pointer targets in passing argument 3 of 'EPD_ShowString' differ in signedness [-Wpointer-sign]
  401 |                 EPD_ShowString(108, 20, "2014/05/01", 16, BLACK);
      |                                         ^~~~~~~~~~~~
      |                                         |
      |                                         char *
In file included from ../Core/Src/main.c:25:
../Core/Src/EPD.h:76:54: note: expected 'uint8_t *' {aka 'unsigned char *'} but argument is of type 'char *'
   76 | void EPD_ShowString(uint16_t x, uint16_t y, uint8_t *chr, uint16_t size1, uint16_t color);                       // 显示字符�?
      |                                             ~~~~~~~~~^~~
../Core/Src/main.c:402:40: warning: pointer targets in passing argument 3 of 'EPD_ShowString' differ in signedness [-Wpointer-sign]
  402 |                 EPD_ShowString(80, 40, "ASCII:", 16, BLACK);
      |                                        ^~~~~~~~
      |                                        |
      |                                        char *
../Core/Src/EPD.h:76:54: note: expected 'uint8_t *' {aka 'unsigned char *'} but argument is of type 'char *'
   76 | void EPD_ShowString(uint16_t x, uint16_t y, uint8_t *chr, uint16_t size1, uint16_t color);                       // 显示字符�?
      |                                             ~~~~~~~~~^~~
../Core/Src/main.c:403:41: warning: pointer targets in passing argument 3 of 'EPD_ShowString' differ in signedness [-Wpointer-sign]
  403 |                 EPD_ShowString(157, 40, "CODE:", 16, BLACK);
      |                                         ^~~~~~~
      |                                         |
      |                                         char *
../Core/Src/EPD.h:76:54: note: expected 'uint8_t *' {aka 'unsigned char *'} but argument is of type 'char *'
   76 | void EPD_ShowString(uint16_t x, uint16_t y, uint8_t *chr, uint16_t size1, uint16_t color);                       // 显示字符�?
      |                                             ~~~~~~~~~^~~
../Core/Src/main.c:411:40: warning: pointer targets in passing argument 3 of 'EPD_ShowString' differ in signedness [-Wpointer-sign]
  411 |                 EPD_ShowString(33, 56, "Welcome to 2.90-inch E-paper", 16, BLACK);
      |                                        ^~~~~~~~~~~~~~~~~~~~~~~~~~~~~~
      |                                        |
      |                                        char *
../Core/Src/EPD.h:76:54: note: expected 'uint8_t *' {aka 'unsigned char *'} but argument is of type 'char *'
   76 | void EPD_ShowString(uint16_t x, uint16_t y, uint8_t *chr, uint16_t size1, uint16_t color);                       // 显示字符�?
      |                                             ~~~~~~~~~^~~
../Core/Src/main.c:412:40: warning: pointer targets in passing argument 3 of 'EPD_ShowString' differ in signedness [-Wpointer-sign]
  412 |                 EPD_ShowString(49, 73, "with 296 x 128 resolution", 16, BLACK);
      |                                        ^~~~~~~~~~~~~~~~~~~~~~~~~~~
      |                                        |
      |                                        char *
../Core/Src/EPD.h:76:54: note: expected 'uint8_t *' {aka 'unsigned char *'} but argument is of type 'char *'
   76 | void EPD_ShowString(uint16_t x, uint16_t y, uint8_t *chr, uint16_t size1, uint16_t color);                       // 显示字符�?
      |                                             ~~~~~~~~~^~~
../Core/Src/main.c:414:40: warning: pointer targets in passing argument 3 of 'EPD_ShowString' differ in signedness [-Wpointer-sign]
  414 |                 EPD_ShowString(53, 90, "Zhongjingyuan Electronic", 16, BLACK);
      |                                        ^~~~~~~~~~~~~~~~~~~~~~~~~~
      |                                        |
      |                                        char *
../Core/Src/EPD.h:76:54: note: expected 'uint8_t *' {aka 'unsigned char *'} but argument is of type 'char *'
   76 | void EPD_ShowString(uint16_t x, uint16_t y, uint8_t *chr, uint16_t size1, uint16_t color);                       // 显示字符�?
      |                                             ~~~~~~~~~^~~
../Core/Src/main.c:415:41: warning: pointer targets in passing argument 3 of 'EPD_ShowString' differ in signedness [-Wpointer-sign]
  415 |                 EPD_ShowString(75, 106, "Technology Co.,Ltd.", 16, BLACK);
      |                                         ^~~~~~~~~~~~~~~~~~~~~
      |                                         |
      |                                         char *
../Core/Src/EPD.h:76:54: note: expected 'uint8_t *' {aka 'unsigned char *'} but argument is of type 'char *'
   76 | void EPD_ShowString(uint16_t x, uint16_t y, uint8_t *chr, uint16_t size1, uint16_t color);                       // 显示字符�?
      |                                             ~~~~~~~~~^~~
../Core/Src/main.c:376:13: warning: unused variable 'c' [-Wunused-variable]
  376 |         int c = 0;
      |             ^
../Core/Src/EPD.c: In function 'EPD_GUIInit':
../Core/Src/EPD.c:96:3: warning: implicit declaration of function 'delay_ms' [-Wimplicit-function-declaration]
   96 |   delay_ms(20);  // At least 10ms delay
      |   ^~~~~~~~
arm-none-eabi-gcc -o "BeepSinger.elf" @"objects.list"   -mcpu=cortex-m3 -T"D:\PiYuanZhouLv\sl\BeepSinger\BeepSinger\STM32F103C8TX_FLASH.ld" --specs=nosys.specs -Wl,-Map="BeepSinger.map" -Wl,--gc-sections -static --specs=nano.specs -mfloat-abi=soft -mthumb -Wl,--start-group -lc -lm -Wl,--end-group
Finished building target: BeepSinger.elf
 
arm-none-eabi-size  BeepSinger.elf 
arm-none-eabi-objdump -h -S BeepSinger.elf  > "BeepSinger.list"
   text	   data	    bss	    dec	    hex	filename
  19604	     12	   6484	  26100	   65f4	BeepSinger.elf
Finished building: default.size.stdout
 
Finished building: BeepSinger.list
 
